desc: --massif-out-file=massif_out/massif_im1.out
cmd: ./blur_par 15 data/im1.ppm data_o/blur_im1_par.ppm 8
time_unit: i
#-----------
snapshot=0
#-----------
time=0
mem_heap_B=0
mem_heap_extra_B=0
mem_stacks_B=0
heap_tree=empty
#-----------
snapshot=1
#-----------
time=2504483
mem_heap_B=73728
mem_heap_extra_B=8
mem_stacks_B=0
heap_tree=empty
#-----------
snapshot=2
#-----------
time=2557985
mem_heap_B=180698
mem_heap_extra_B=78
mem_stacks_B=0
heap_tree=empty
#-----------
snapshot=3
#-----------
time=2595058
mem_heap_B=279002
mem_heap_extra_B=78
mem_stacks_B=0
heap_tree=empty
#-----------
snapshot=4
#-----------
time=2660800
mem_heap_B=279002
mem_heap_extra_B=78
mem_stacks_B=0
heap_tree=detailed
n4: 279002 (heap allocation functions) malloc/new/new[], --alloc-fns, etc.
 n1: 196610 0x49B76D4: std::__cxx11::basic_string<char, std::char_traits<char>, std::allocator<char> >::reserve(unsigned long) (in /usr/lib/x86_64-linux-gnu/libstdc++.so.6.0.32)
  n1: 196610 0x49AD7F6: std::__cxx11::basic_stringbuf<char, std::char_traits<char>, std::allocator<char> >::overflow(int) (in /usr/lib/x86_64-linux-gnu/libstdc++.so.6.0.32)
   n1: 196610 0x49B580A: std::basic_streambuf<char, std::char_traits<char> >::xsputn(char const*, long) (in /usr/lib/x86_64-linux-gnu/libstdc++.so.6.0.32)
    n1: 196610 0x49309A3: long std::__copy_streambufs_eof<char, std::char_traits<char> >(std::basic_streambuf<char, std::char_traits<char> >*, std::basic_streambuf<char, std::char_traits<char> >*, bool&) (in /usr/lib/x86_64-linux-gnu/libstdc++.so.6.0.32)
     n1: 196610 0x112F97: __gnu_cxx::__enable_if<std::__is_char<char>::__value, std::ostreambuf_iterator<char, std::char_traits<char> > >::__type std::copy<char>(std::istreambuf_iterator<char, std::char_traits<char> >, std::istreambuf_iterator<char, std::char_traits<char> >, std::ostreambuf_iterator<char, std::char_traits<char> >) (streambuf_iterator.h:332)
      n1: 196610 0x1106CF: PPM::Reader::fill(std::__cxx11::basic_string<char, std::char_traits<char>, std::allocator<char> >) (ppm.cpp:26)
       n1: 196610 0x110E0F: PPM::Reader::operator()(std::__cxx11::basic_string<char, std::char_traits<char>, std::allocator<char> >) (ppm.cpp:107)
        n0: 196610 0x10F2CB: main (blur_par.cpp:21)
 n1: 73728 0x4911371: ??? (in /usr/lib/x86_64-linux-gnu/libstdc++.so.6.0.32)
  n1: 73728 0x400647D: call_init.part.0 (dl-init.c:70)
   n1: 73728 0x4006567: call_init (dl-init.c:33)
    n1: 73728 0x4006567: _dl_init (dl-init.c:117)
     n1: 73728 0x40202C9: ??? (in /usr/lib/x86_64-linux-gnu/ld-linux-x86-64.so.2)
      n1: 73728 0x4: ???
       n1: 73728 0x1FFF00024E: ???
        n1: 73728 0x1FFF000259: ???
         n1: 73728 0x1FFF00025C: ???
          n1: 73728 0x1FFF000269: ???
           n0: 73728 0x1FFF000281: ???
 n1: 8192 0x497E733: std::basic_filebuf<char, std::char_traits<char> >::_M_allocate_internal_buffer() (in /usr/lib/x86_64-linux-gnu/libstdc++.so.6.0.32)
  n1: 8192 0x4982775: std::basic_filebuf<char, std::char_traits<char> >::open(char const*, std::_Ios_Openmode) (in /usr/lib/x86_64-linux-gnu/libstdc++.so.6.0.32)
   n1: 8192 0x4982836: std::basic_ifstream<char, std::char_traits<char> >::open(std::__cxx11::basic_string<char, std::char_traits<char>, std::allocator<char> > const&, std::_Ios_Openmode) (in /usr/lib/x86_64-linux-gnu/libstdc++.so.6.0.32)
    n1: 8192 0x110609: PPM::Reader::fill(std::__cxx11::basic_string<char, std::char_traits<char>, std::allocator<char> >) (ppm.cpp:19)
     n1: 8192 0x110E0F: PPM::Reader::operator()(std::__cxx11::basic_string<char, std::char_traits<char>, std::allocator<char> >) (ppm.cpp:107)
      n0: 8192 0x10F2CB: main (blur_par.cpp:21)
 n0: 472 in 1 place, below massif's threshold (1.00%)
#-----------
snapshot=5
#-----------
time=2668797
mem_heap_B=475610
mem_heap_extra_B=78
mem_stacks_B=0
heap_tree=empty
#-----------
snapshot=6
#-----------
time=2800123
mem_heap_B=475610
mem_heap_extra_B=78
mem_stacks_B=0
heap_tree=detailed
n4: 475610 (heap allocation functions) malloc/new/new[], --alloc-fns, etc.
 n1: 393218 0x49B76D4: std::__cxx11::basic_string<char, std::char_traits<char>, std::allocator<char> >::reserve(unsigned long) (in /usr/lib/x86_64-linux-gnu/libstdc++.so.6.0.32)
  n1: 393218 0x49AD7F6: std::__cxx11::basic_stringbuf<char, std::char_traits<char>, std::allocator<char> >::overflow(int) (in /usr/lib/x86_64-linux-gnu/libstdc++.so.6.0.32)
   n1: 393218 0x49B580A: std::basic_streambuf<char, std::char_traits<char> >::xsputn(char const*, long) (in /usr/lib/x86_64-linux-gnu/libstdc++.so.6.0.32)
    n1: 393218 0x49309A3: long std::__copy_streambufs_eof<char, std::char_traits<char> >(std::basic_streambuf<char, std::char_traits<char> >*, std::basic_streambuf<char, std::char_traits<char> >*, bool&) (in /usr/lib/x86_64-linux-gnu/libstdc++.so.6.0.32)
     n1: 393218 0x112F97: __gnu_cxx::__enable_if<std::__is_char<char>::__value, std::ostreambuf_iterator<char, std::char_traits<char> > >::__type std::copy<char>(std::istreambuf_iterator<char, std::char_traits<char> >, std::istreambuf_iterator<char, std::char_traits<char> >, std::ostreambuf_iterator<char, std::char_traits<char> >) (streambuf_iterator.h:332)
      n1: 393218 0x1106CF: PPM::Reader::fill(std::__cxx11::basic_string<char, std::char_traits<char>, std::allocator<char> >) (ppm.cpp:26)
       n1: 393218 0x110E0F: PPM::Reader::operator()(std::__cxx11::basic_string<char, std::char_traits<char>, std::allocator<char> >) (ppm.cpp:107)
        n0: 393218 0x10F2CB: main (blur_par.cpp:21)
 n1: 73728 0x4911371: ??? (in /usr/lib/x86_64-linux-gnu/libstdc++.so.6.0.32)
  n1: 73728 0x400647D: call_init.part.0 (dl-init.c:70)
   n1: 73728 0x4006567: call_init (dl-init.c:33)
    n1: 73728 0x4006567: _dl_init (dl-init.c:117)
     n1: 73728 0x40202C9: ??? (in /usr/lib/x86_64-linux-gnu/ld-linux-x86-64.so.2)
      n1: 73728 0x4: ???
       n1: 73728 0x1FFF00024E: ???
        n1: 73728 0x1FFF000259: ???
         n1: 73728 0x1FFF00025C: ???
          n1: 73728 0x1FFF000269: ???
           n0: 73728 0x1FFF000281: ???
 n1: 8192 0x497E733: std::basic_filebuf<char, std::char_traits<char> >::_M_allocate_internal_buffer() (in /usr/lib/x86_64-linux-gnu/libstdc++.so.6.0.32)
  n1: 8192 0x4982775: std::basic_filebuf<char, std::char_traits<char> >::open(char const*, std::_Ios_Openmode) (in /usr/lib/x86_64-linux-gnu/libstdc++.so.6.0.32)
   n1: 8192 0x4982836: std::basic_ifstream<char, std::char_traits<char> >::open(std::__cxx11::basic_string<char, std::char_traits<char>, std::allocator<char> > const&, std::_Ios_Openmode) (in /usr/lib/x86_64-linux-gnu/libstdc++.so.6.0.32)
    n1: 8192 0x110609: PPM::Reader::fill(std::__cxx11::basic_string<char, std::char_traits<char>, std::allocator<char> >) (ppm.cpp:19)
     n1: 8192 0x110E0F: PPM::Reader::operator()(std::__cxx11::basic_string<char, std::char_traits<char>, std::allocator<char> >) (ppm.cpp:107)
      n0: 8192 0x10F2CB: main (blur_par.cpp:21)
 n0: 472 in 1 place, below massif's threshold (1.00%)
#-----------
snapshot=7
#-----------
time=2815953
mem_heap_B=868826
mem_heap_extra_B=78
mem_stacks_B=0
heap_tree=empty
#-----------
snapshot=8
#-----------
time=3078335
mem_heap_B=868826
mem_heap_extra_B=78
mem_stacks_B=0
heap_tree=detailed
n3: 868826 (heap allocation functions) malloc/new/new[], --alloc-fns, etc.
 n1: 786434 0x49B76D4: std::__cxx11::basic_string<char, std::char_traits<char>, std::allocator<char> >::reserve(unsigned long) (in /usr/lib/x86_64-linux-gnu/libstdc++.so.6.0.32)
  n1: 786434 0x49AD7F6: std::__cxx11::basic_stringbuf<char, std::char_traits<char>, std::allocator<char> >::overflow(int) (in /usr/lib/x86_64-linux-gnu/libstdc++.so.6.0.32)
   n1: 786434 0x49B580A: std::basic_streambuf<char, std::char_traits<char> >::xsputn(char const*, long) (in /usr/lib/x86_64-linux-gnu/libstdc++.so.6.0.32)
    n1: 786434 0x49309A3: long std::__copy_streambufs_eof<char, std::char_traits<char> >(std::basic_streambuf<char, std::char_traits<char> >*, std::basic_streambuf<char, std::char_traits<char> >*, bool&) (in /usr/lib/x86_64-linux-gnu/libstdc++.so.6.0.32)
     n1: 786434 0x112F97: __gnu_cxx::__enable_if<std::__is_char<char>::__value, std::ostreambuf_iterator<char, std::char_traits<char> > >::__type std::copy<char>(std::istreambuf_iterator<char, std::char_traits<char> >, std::istreambuf_iterator<char, std::char_traits<char> >, std::ostreambuf_iterator<char, std::char_traits<char> >) (streambuf_iterator.h:332)
      n1: 786434 0x1106CF: PPM::Reader::fill(std::__cxx11::basic_string<char, std::char_traits<char>, std::allocator<char> >) (ppm.cpp:26)
       n1: 786434 0x110E0F: PPM::Reader::operator()(std::__cxx11::basic_string<char, std::char_traits<char>, std::allocator<char> >) (ppm.cpp:107)
        n0: 786434 0x10F2CB: main (blur_par.cpp:21)
 n1: 73728 0x4911371: ??? (in /usr/lib/x86_64-linux-gnu/libstdc++.so.6.0.32)
  n1: 73728 0x400647D: call_init.part.0 (dl-init.c:70)
   n1: 73728 0x4006567: call_init (dl-init.c:33)
    n1: 73728 0x4006567: _dl_init (dl-init.c:117)
     n1: 73728 0x40202C9: ??? (in /usr/lib/x86_64-linux-gnu/ld-linux-x86-64.so.2)
      n1: 73728 0x4: ???
       n1: 73728 0x1FFF00024E: ???
        n1: 73728 0x1FFF000259: ???
         n1: 73728 0x1FFF00025C: ???
          n1: 73728 0x1FFF000269: ???
           n0: 73728 0x1FFF000281: ???
 n0: 8664 in 2 places, all below massif's threshold (1.00%)
#-----------
snapshot=9
#-----------
time=3109829
mem_heap_B=1655258
mem_heap_extra_B=78
mem_stacks_B=0
heap_tree=empty
#-----------
snapshot=10
#-----------
time=3634339
mem_heap_B=1655258
mem_heap_extra_B=78
mem_stacks_B=0
heap_tree=detailed
n3: 1655258 (heap allocation functions) malloc/new/new[], --alloc-fns, etc.
 n1: 1572866 0x49B76D4: std::__cxx11::basic_string<char, std::char_traits<char>, std::allocator<char> >::reserve(unsigned long) (in /usr/lib/x86_64-linux-gnu/libstdc++.so.6.0.32)
  n1: 1572866 0x49AD7F6: std::__cxx11::basic_stringbuf<char, std::char_traits<char>, std::allocator<char> >::overflow(int) (in /usr/lib/x86_64-linux-gnu/libstdc++.so.6.0.32)
   n1: 1572866 0x49B580A: std::basic_streambuf<char, std::char_traits<char> >::xsputn(char const*, long) (in /usr/lib/x86_64-linux-gnu/libstdc++.so.6.0.32)
    n1: 1572866 0x49309A3: long std::__copy_streambufs_eof<char, std::char_traits<char> >(std::basic_streambuf<char, std::char_traits<char> >*, std::basic_streambuf<char, std::char_traits<char> >*, bool&) (in /usr/lib/x86_64-linux-gnu/libstdc++.so.6.0.32)
     n1: 1572866 0x112F97: __gnu_cxx::__enable_if<std::__is_char<char>::__value, std::ostreambuf_iterator<char, std::char_traits<char> > >::__type std::copy<char>(std::istreambuf_iterator<char, std::char_traits<char> >, std::istreambuf_iterator<char, std::char_traits<char> >, std::ostreambuf_iterator<char, std::char_traits<char> >) (streambuf_iterator.h:332)
      n1: 1572866 0x1106CF: PPM::Reader::fill(std::__cxx11::basic_string<char, std::char_traits<char>, std::allocator<char> >) (ppm.cpp:26)
       n1: 1572866 0x110E0F: PPM::Reader::operator()(std::__cxx11::basic_string<char, std::char_traits<char>, std::allocator<char> >) (ppm.cpp:107)
        n0: 1572866 0x10F2CB: main (blur_par.cpp:21)
 n1: 73728 0x4911371: ??? (in /usr/lib/x86_64-linux-gnu/libstdc++.so.6.0.32)
  n1: 73728 0x400647D: call_init.part.0 (dl-init.c:70)
   n1: 73728 0x4006567: call_init (dl-init.c:33)
    n1: 73728 0x4006567: _dl_init (dl-init.c:117)
     n1: 73728 0x40202C9: ??? (in /usr/lib/x86_64-linux-gnu/ld-linux-x86-64.so.2)
      n1: 73728 0x4: ???
       n1: 73728 0x1FFF00024E: ???
        n1: 73728 0x1FFF000259: ???
         n1: 73728 0x1FFF00025C: ???
          n1: 73728 0x1FFF000269: ???
           n0: 73728 0x1FFF000281: ???
 n0: 8664 in 2 places, all below massif's threshold (1.00%)
#-----------
snapshot=11
#-----------
time=3697171
mem_heap_B=3228122
mem_heap_extra_B=78
mem_stacks_B=0
heap_tree=empty
#-----------
snapshot=12
#-----------
time=3812960
mem_heap_B=3228122
mem_heap_extra_B=78
mem_stacks_B=0
heap_tree=detailed
n3: 3228122 (heap allocation functions) malloc/new/new[], --alloc-fns, etc.
 n1: 3145730 0x49B76D4: std::__cxx11::basic_string<char, std::char_traits<char>, std::allocator<char> >::reserve(unsigned long) (in /usr/lib/x86_64-linux-gnu/libstdc++.so.6.0.32)
  n1: 3145730 0x49AD7F6: std::__cxx11::basic_stringbuf<char, std::char_traits<char>, std::allocator<char> >::overflow(int) (in /usr/lib/x86_64-linux-gnu/libstdc++.so.6.0.32)
   n1: 3145730 0x49B580A: std::basic_streambuf<char, std::char_traits<char> >::xsputn(char const*, long) (in /usr/lib/x86_64-linux-gnu/libstdc++.so.6.0.32)
    n1: 3145730 0x49309A3: long std::__copy_streambufs_eof<char, std::char_traits<char> >(std::basic_streambuf<char, std::char_traits<char> >*, std::basic_streambuf<char, std::char_traits<char> >*, bool&) (in /usr/lib/x86_64-linux-gnu/libstdc++.so.6.0.32)
     n1: 3145730 0x112F97: __gnu_cxx::__enable_if<std::__is_char<char>::__value, std::ostreambuf_iterator<char, std::char_traits<char> > >::__type std::copy<char>(std::istreambuf_iterator<char, std::char_traits<char> >, std::istreambuf_iterator<char, std::char_traits<char> >, std::ostreambuf_iterator<char, std::char_traits<char> >) (streambuf_iterator.h:332)
      n1: 3145730 0x1106CF: PPM::Reader::fill(std::__cxx11::basic_string<char, std::char_traits<char>, std::allocator<char> >) (ppm.cpp:26)
       n1: 3145730 0x110E0F: PPM::Reader::operator()(std::__cxx11::basic_string<char, std::char_traits<char>, std::allocator<char> >) (ppm.cpp:107)
        n0: 3145730 0x10F2CB: main (blur_par.cpp:21)
 n1: 73728 0x4911371: ??? (in /usr/lib/x86_64-linux-gnu/libstdc++.so.6.0.32)
  n1: 73728 0x400647D: call_init.part.0 (dl-init.c:70)
   n1: 73728 0x4006567: call_init (dl-init.c:33)
    n1: 73728 0x4006567: _dl_init (dl-init.c:117)
     n1: 73728 0x40202C9: ??? (in /usr/lib/x86_64-linux-gnu/ld-linux-x86-64.so.2)
      n1: 73728 0x4: ???
       n1: 73728 0x1FFF00024E: ???
        n1: 73728 0x1FFF000259: ???
         n1: 73728 0x1FFF00025C: ???
          n1: 73728 0x1FFF000269: ???
           n0: 73728 0x1FFF000281: ???
 n0: 8664 in 2 places, all below massif's threshold (1.00%)
#-----------
snapshot=13
#-----------
time=3876123
mem_heap_B=2171353
mem_heap_extra_B=47
mem_stacks_B=0
heap_tree=empty
#-----------
snapshot=14
#-----------
time=3912966
mem_heap_B=2171805
mem_heap_extra_B=123
mem_stacks_B=0
heap_tree=empty
#-----------
snapshot=15
#-----------
time=3982958
mem_heap_B=2171805
mem_heap_extra_B=123
mem_stacks_B=0
heap_tree=empty
#-----------
snapshot=16
#-----------
time=4028430
mem_heap_B=2171805
mem_heap_extra_B=123
mem_stacks_B=0
heap_tree=detailed
n3: 2171805 (heap allocation functions) malloc/new/new[], --alloc-fns, etc.
 n1: 2097153 0x49B76D4: std::__cxx11::basic_string<char, std::char_traits<char>, std::allocator<char> >::reserve(unsigned long) (in /usr/lib/x86_64-linux-gnu/libstdc++.so.6.0.32)
  n1: 2097153 0x49AD7F6: std::__cxx11::basic_stringbuf<char, std::char_traits<char>, std::allocator<char> >::overflow(int) (in /usr/lib/x86_64-linux-gnu/libstdc++.so.6.0.32)
   n1: 2097153 0x49B580A: std::basic_streambuf<char, std::char_traits<char> >::xsputn(char const*, long) (in /usr/lib/x86_64-linux-gnu/libstdc++.so.6.0.32)
    n1: 2097153 0x49309A3: long std::__copy_streambufs_eof<char, std::char_traits<char> >(std::basic_streambuf<char, std::char_traits<char> >*, std::basic_streambuf<char, std::char_traits<char> >*, bool&) (in /usr/lib/x86_64-linux-gnu/libstdc++.so.6.0.32)
     n1: 2097153 0x112F97: __gnu_cxx::__enable_if<std::__is_char<char>::__value, std::ostreambuf_iterator<char, std::char_traits<char> > >::__type std::copy<char>(std::istreambuf_iterator<char, std::char_traits<char> >, std::istreambuf_iterator<char, std::char_traits<char> >, std::ostreambuf_iterator<char, std::char_traits<char> >) (streambuf_iterator.h:332)
      n1: 2097153 0x1106CF: PPM::Reader::fill(std::__cxx11::basic_string<char, std::char_traits<char>, std::allocator<char> >) (ppm.cpp:26)
       n1: 2097153 0x110E0F: PPM::Reader::operator()(std::__cxx11::basic_string<char, std::char_traits<char>, std::allocator<char> >) (ppm.cpp:107)
        n0: 2097153 0x10F2CB: main (blur_par.cpp:21)
 n1: 73728 0x4911371: ??? (in /usr/lib/x86_64-linux-gnu/libstdc++.so.6.0.32)
  n1: 73728 0x400647D: call_init.part.0 (dl-init.c:70)
   n1: 73728 0x4006567: call_init (dl-init.c:33)
    n1: 73728 0x4006567: _dl_init (dl-init.c:117)
     n1: 73728 0x40202C9: ??? (in /usr/lib/x86_64-linux-gnu/ld-linux-x86-64.so.2)
      n1: 73728 0x4: ???
       n1: 73728 0x1FFF00024E: ???
        n1: 73728 0x1FFF000259: ???
         n1: 73728 0x1FFF00025C: ???
          n1: 73728 0x1FFF000269: ???
           n0: 73728 0x1FFF000281: ???
 n0: 924 in 10 places, all below massif's threshold (1.00%)
#-----------
snapshot=17
#-----------
time=4092140
mem_heap_B=2171805
mem_heap_extra_B=123
mem_stacks_B=0
heap_tree=detailed
n3: 2171805 (heap allocation functions) malloc/new/new[], --alloc-fns, etc.
 n1: 2097153 0x49B76D4: std::__cxx11::basic_string<char, std::char_traits<char>, std::allocator<char> >::reserve(unsigned long) (in /usr/lib/x86_64-linux-gnu/libstdc++.so.6.0.32)
  n1: 2097153 0x49AD7F6: std::__cxx11::basic_stringbuf<char, std::char_traits<char>, std::allocator<char> >::overflow(int) (in /usr/lib/x86_64-linux-gnu/libstdc++.so.6.0.32)
   n1: 2097153 0x49B580A: std::basic_streambuf<char, std::char_traits<char> >::xsputn(char const*, long) (in /usr/lib/x86_64-linux-gnu/libstdc++.so.6.0.32)
    n1: 2097153 0x49309A3: long std::__copy_streambufs_eof<char, std::char_traits<char> >(std::basic_streambuf<char, std::char_traits<char> >*, std::basic_streambuf<char, std::char_traits<char> >*, bool&) (in /usr/lib/x86_64-linux-gnu/libstdc++.so.6.0.32)
     n1: 2097153 0x112F97: __gnu_cxx::__enable_if<std::__is_char<char>::__value, std::ostreambuf_iterator<char, std::char_traits<char> > >::__type std::copy<char>(std::istreambuf_iterator<char, std::char_traits<char> >, std::istreambuf_iterator<char, std::char_traits<char> >, std::ostreambuf_iterator<char, std::char_traits<char> >) (streambuf_iterator.h:332)
      n1: 2097153 0x1106CF: PPM::Reader::fill(std::__cxx11::basic_string<char, std::char_traits<char>, std::allocator<char> >) (ppm.cpp:26)
       n1: 2097153 0x110E0F: PPM::Reader::operator()(std::__cxx11::basic_string<char, std::char_traits<char>, std::allocator<char> >) (ppm.cpp:107)
        n0: 2097153 0x10F2CB: main (blur_par.cpp:21)
 n1: 73728 0x4911371: ??? (in /usr/lib/x86_64-linux-gnu/libstdc++.so.6.0.32)
  n1: 73728 0x400647D: call_init.part.0 (dl-init.c:70)
   n1: 73728 0x4006567: call_init (dl-init.c:33)
    n1: 73728 0x4006567: _dl_init (dl-init.c:117)
     n1: 73728 0x40202C9: ??? (in /usr/lib/x86_64-linux-gnu/ld-linux-x86-64.so.2)
      n1: 73728 0x4: ???
       n1: 73728 0x1FFF00024E: ???
        n1: 73728 0x1FFF000259: ???
         n1: 73728 0x1FFF00025C: ???
          n1: 73728 0x1FFF000269: ???
           n0: 73728 0x1FFF000281: ???
 n0: 924 in 10 places, all below massif's threshold (1.00%)
#-----------
snapshot=18
#-----------
time=4148980
mem_heap_B=2171805
mem_heap_extra_B=123
mem_stacks_B=0
heap_tree=detailed
n3: 2171805 (heap allocation functions) malloc/new/new[], --alloc-fns, etc.
 n1: 2097153 0x49B76D4: std::__cxx11::basic_string<char, std::char_traits<char>, std::allocator<char> >::reserve(unsigned long) (in /usr/lib/x86_64-linux-gnu/libstdc++.so.6.0.32)
  n1: 2097153 0x49AD7F6: std::__cxx11::basic_stringbuf<char, std::char_traits<char>, std::allocator<char> >::overflow(int) (in /usr/lib/x86_64-linux-gnu/libstdc++.so.6.0.32)
   n1: 2097153 0x49B580A: std::basic_streambuf<char, std::char_traits<char> >::xsputn(char const*, long) (in /usr/lib/x86_64-linux-gnu/libstdc++.so.6.0.32)
    n1: 2097153 0x49309A3: long std::__copy_streambufs_eof<char, std::char_traits<char> >(std::basic_streambuf<char, std::char_traits<char> >*, std::basic_streambuf<char, std::char_traits<char> >*, bool&) (in /usr/lib/x86_64-linux-gnu/libstdc++.so.6.0.32)
     n1: 2097153 0x112F97: __gnu_cxx::__enable_if<std::__is_char<char>::__value, std::ostreambuf_iterator<char, std::char_traits<char> > >::__type std::copy<char>(std::istreambuf_iterator<char, std::char_traits<char> >, std::istreambuf_iterator<char, std::char_traits<char> >, std::ostreambuf_iterator<char, std::char_traits<char> >) (streambuf_iterator.h:332)
      n1: 2097153 0x1106CF: PPM::Reader::fill(std::__cxx11::basic_string<char, std::char_traits<char>, std::allocator<char> >) (ppm.cpp:26)
       n1: 2097153 0x110E0F: PPM::Reader::operator()(std::__cxx11::basic_string<char, std::char_traits<char>, std::allocator<char> >) (ppm.cpp:107)
        n0: 2097153 0x10F2CB: main (blur_par.cpp:21)
 n1: 73728 0x4911371: ??? (in /usr/lib/x86_64-linux-gnu/libstdc++.so.6.0.32)
  n1: 73728 0x400647D: call_init.part.0 (dl-init.c:70)
   n1: 73728 0x4006567: call_init (dl-init.c:33)
    n1: 73728 0x4006567: _dl_init (dl-init.c:117)
     n1: 73728 0x40202C9: ??? (in /usr/lib/x86_64-linux-gnu/ld-linux-x86-64.so.2)
      n1: 73728 0x4: ???
       n1: 73728 0x1FFF00024E: ???
        n1: 73728 0x1FFF000259: ???
         n1: 73728 0x1FFF00025C: ???
          n1: 73728 0x1FFF000269: ???
           n0: 73728 0x1FFF000281: ???
 n0: 924 in 10 places, all below massif's threshold (1.00%)
#-----------
snapshot=19
#-----------
time=4220030
mem_heap_B=2171805
mem_heap_extra_B=123
mem_stacks_B=0
heap_tree=detailed
n3: 2171805 (heap allocation functions) malloc/new/new[], --alloc-fns, etc.
 n1: 2097153 0x49B76D4: std::__cxx11::basic_string<char, std::char_traits<char>, std::allocator<char> >::reserve(unsigned long) (in /usr/lib/x86_64-linux-gnu/libstdc++.so.6.0.32)
  n1: 2097153 0x49AD7F6: std::__cxx11::basic_stringbuf<char, std::char_traits<char>, std::allocator<char> >::overflow(int) (in /usr/lib/x86_64-linux-gnu/libstdc++.so.6.0.32)
   n1: 2097153 0x49B580A: std::basic_streambuf<char, std::char_traits<char> >::xsputn(char const*, long) (in /usr/lib/x86_64-linux-gnu/libstdc++.so.6.0.32)
    n1: 2097153 0x49309A3: long std::__copy_streambufs_eof<char, std::char_traits<char> >(std::basic_streambuf<char, std::char_traits<char> >*, std::basic_streambuf<char, std::char_traits<char> >*, bool&) (in /usr/lib/x86_64-linux-gnu/libstdc++.so.6.0.32)
     n1: 2097153 0x112F97: __gnu_cxx::__enable_if<std::__is_char<char>::__value, std::ostreambuf_iterator<char, std::char_traits<char> > >::__type std::copy<char>(std::istreambuf_iterator<char, std::char_traits<char> >, std::istreambuf_iterator<char, std::char_traits<char> >, std::ostreambuf_iterator<char, std::char_traits<char> >) (streambuf_iterator.h:332)
      n1: 2097153 0x1106CF: PPM::Reader::fill(std::__cxx11::basic_string<char, std::char_traits<char>, std::allocator<char> >) (ppm.cpp:26)
       n1: 2097153 0x110E0F: PPM::Reader::operator()(std::__cxx11::basic_string<char, std::char_traits<char>, std::allocator<char> >) (ppm.cpp:107)
        n0: 2097153 0x10F2CB: main (blur_par.cpp:21)
 n1: 73728 0x4911371: ??? (in /usr/lib/x86_64-linux-gnu/libstdc++.so.6.0.32)
  n1: 73728 0x400647D: call_init.part.0 (dl-init.c:70)
   n1: 73728 0x4006567: call_init (dl-init.c:33)
    n1: 73728 0x4006567: _dl_init (dl-init.c:117)
     n1: 73728 0x40202C9: ??? (in /usr/lib/x86_64-linux-gnu/ld-linux-x86-64.so.2)
      n1: 73728 0x4: ???
       n1: 73728 0x1FFF00024E: ???
        n1: 73728 0x1FFF000259: ???
         n1: 73728 0x1FFF00025C: ???
          n1: 73728 0x1FFF000269: ???
           n0: 73728 0x1FFF000281: ???
 n0: 924 in 10 places, all below massif's threshold (1.00%)
#-----------
snapshot=20
#-----------
time=4291080
mem_heap_B=2171805
mem_heap_extra_B=123
mem_stacks_B=0
heap_tree=detailed
n3: 2171805 (heap allocation functions) malloc/new/new[], --alloc-fns, etc.
 n1: 2097153 0x49B76D4: std::__cxx11::basic_string<char, std::char_traits<char>, std::allocator<char> >::reserve(unsigned long) (in /usr/lib/x86_64-linux-gnu/libstdc++.so.6.0.32)
  n1: 2097153 0x49AD7F6: std::__cxx11::basic_stringbuf<char, std::char_traits<char>, std::allocator<char> >::overflow(int) (in /usr/lib/x86_64-linux-gnu/libstdc++.so.6.0.32)
   n1: 2097153 0x49B580A: std::basic_streambuf<char, std::char_traits<char> >::xsputn(char const*, long) (in /usr/lib/x86_64-linux-gnu/libstdc++.so.6.0.32)
    n1: 2097153 0x49309A3: long std::__copy_streambufs_eof<char, std::char_traits<char> >(std::basic_streambuf<char, std::char_traits<char> >*, std::basic_streambuf<char, std::char_traits<char> >*, bool&) (in /usr/lib/x86_64-linux-gnu/libstdc++.so.6.0.32)
     n1: 2097153 0x112F97: __gnu_cxx::__enable_if<std::__is_char<char>::__value, std::ostreambuf_iterator<char, std::char_traits<char> > >::__type std::copy<char>(std::istreambuf_iterator<char, std::char_traits<char> >, std::istreambuf_iterator<char, std::char_traits<char> >, std::ostreambuf_iterator<char, std::char_traits<char> >) (streambuf_iterator.h:332)
      n1: 2097153 0x1106CF: PPM::Reader::fill(std::__cxx11::basic_string<char, std::char_traits<char>, std::allocator<char> >) (ppm.cpp:26)
       n1: 2097153 0x110E0F: PPM::Reader::operator()(std::__cxx11::basic_string<char, std::char_traits<char>, std::allocator<char> >) (ppm.cpp:107)
        n0: 2097153 0x10F2CB: main (blur_par.cpp:21)
 n1: 73728 0x4911371: ??? (in /usr/lib/x86_64-linux-gnu/libstdc++.so.6.0.32)
  n1: 73728 0x400647D: call_init.part.0 (dl-init.c:70)
   n1: 73728 0x4006567: call_init (dl-init.c:33)
    n1: 73728 0x4006567: _dl_init (dl-init.c:117)
     n1: 73728 0x40202C9: ??? (in /usr/lib/x86_64-linux-gnu/ld-linux-x86-64.so.2)
      n1: 73728 0x4: ???
       n1: 73728 0x1FFF00024E: ???
        n1: 73728 0x1FFF000259: ???
         n1: 73728 0x1FFF00025C: ???
          n1: 73728 0x1FFF000269: ???
           n0: 73728 0x1FFF000281: ???
 n0: 924 in 10 places, all below massif's threshold (1.00%)
#-----------
snapshot=21
#-----------
time=4362130
mem_heap_B=2171805
mem_heap_extra_B=123
mem_stacks_B=0
heap_tree=detailed
n3: 2171805 (heap allocation functions) malloc/new/new[], --alloc-fns, etc.
 n1: 2097153 0x49B76D4: std::__cxx11::basic_string<char, std::char_traits<char>, std::allocator<char> >::reserve(unsigned long) (in /usr/lib/x86_64-linux-gnu/libstdc++.so.6.0.32)
  n1: 2097153 0x49AD7F6: std::__cxx11::basic_stringbuf<char, std::char_traits<char>, std::allocator<char> >::overflow(int) (in /usr/lib/x86_64-linux-gnu/libstdc++.so.6.0.32)
   n1: 2097153 0x49B580A: std::basic_streambuf<char, std::char_traits<char> >::xsputn(char const*, long) (in /usr/lib/x86_64-linux-gnu/libstdc++.so.6.0.32)
    n1: 2097153 0x49309A3: long std::__copy_streambufs_eof<char, std::char_traits<char> >(std::basic_streambuf<char, std::char_traits<char> >*, std::basic_streambuf<char, std::char_traits<char> >*, bool&) (in /usr/lib/x86_64-linux-gnu/libstdc++.so.6.0.32)
     n1: 2097153 0x112F97: __gnu_cxx::__enable_if<std::__is_char<char>::__value, std::ostreambuf_iterator<char, std::char_traits<char> > >::__type std::copy<char>(std::istreambuf_iterator<char, std::char_traits<char> >, std::istreambuf_iterator<char, std::char_traits<char> >, std::ostreambuf_iterator<char, std::char_traits<char> >) (streambuf_iterator.h:332)
      n1: 2097153 0x1106CF: PPM::Reader::fill(std::__cxx11::basic_string<char, std::char_traits<char>, std::allocator<char> >) (ppm.cpp:26)
       n1: 2097153 0x110E0F: PPM::Reader::operator()(std::__cxx11::basic_string<char, std::char_traits<char>, std::allocator<char> >) (ppm.cpp:107)
        n0: 2097153 0x10F2CB: main (blur_par.cpp:21)
 n1: 73728 0x4911371: ??? (in /usr/lib/x86_64-linux-gnu/libstdc++.so.6.0.32)
  n1: 73728 0x400647D: call_init.part.0 (dl-init.c:70)
   n1: 73728 0x4006567: call_init (dl-init.c:33)
    n1: 73728 0x4006567: _dl_init (dl-init.c:117)
     n1: 73728 0x40202C9: ??? (in /usr/lib/x86_64-linux-gnu/ld-linux-x86-64.so.2)
      n1: 73728 0x4: ???
       n1: 73728 0x1FFF00024E: ???
        n1: 73728 0x1FFF000259: ???
         n1: 73728 0x1FFF00025C: ???
          n1: 73728 0x1FFF000269: ???
           n0: 73728 0x1FFF000281: ???
 n0: 924 in 10 places, all below massif's threshold (1.00%)
#-----------
snapshot=22
#-----------
time=4433180
mem_heap_B=2171805
mem_heap_extra_B=123
mem_stacks_B=0
heap_tree=detailed
n3: 2171805 (heap allocation functions) malloc/new/new[], --alloc-fns, etc.
 n1: 2097153 0x49B76D4: std::__cxx11::basic_string<char, std::char_traits<char>, std::allocator<char> >::reserve(unsigned long) (in /usr/lib/x86_64-linux-gnu/libstdc++.so.6.0.32)
  n1: 2097153 0x49AD7F6: std::__cxx11::basic_stringbuf<char, std::char_traits<char>, std::allocator<char> >::overflow(int) (in /usr/lib/x86_64-linux-gnu/libstdc++.so.6.0.32)
   n1: 2097153 0x49B580A: std::basic_streambuf<char, std::char_traits<char> >::xsputn(char const*, long) (in /usr/lib/x86_64-linux-gnu/libstdc++.so.6.0.32)
    n1: 2097153 0x49309A3: long std::__copy_streambufs_eof<char, std::char_traits<char> >(std::basic_streambuf<char, std::char_traits<char> >*, std::basic_streambuf<char, std::char_traits<char> >*, bool&) (in /usr/lib/x86_64-linux-gnu/libstdc++.so.6.0.32)
     n1: 2097153 0x112F97: __gnu_cxx::__enable_if<std::__is_char<char>::__value, std::ostreambuf_iterator<char, std::char_traits<char> > >::__type std::copy<char>(std::istreambuf_iterator<char, std::char_traits<char> >, std::istreambuf_iterator<char, std::char_traits<char> >, std::ostreambuf_iterator<char, std::char_traits<char> >) (streambuf_iterator.h:332)
      n1: 2097153 0x1106CF: PPM::Reader::fill(std::__cxx11::basic_string<char, std::char_traits<char>, std::allocator<char> >) (ppm.cpp:26)
       n1: 2097153 0x110E0F: PPM::Reader::operator()(std::__cxx11::basic_string<char, std::char_traits<char>, std::allocator<char> >) (ppm.cpp:107)
        n0: 2097153 0x10F2CB: main (blur_par.cpp:21)
 n1: 73728 0x4911371: ??? (in /usr/lib/x86_64-linux-gnu/libstdc++.so.6.0.32)
  n1: 73728 0x400647D: call_init.part.0 (dl-init.c:70)
   n1: 73728 0x4006567: call_init (dl-init.c:33)
    n1: 73728 0x4006567: _dl_init (dl-init.c:117)
     n1: 73728 0x40202C9: ??? (in /usr/lib/x86_64-linux-gnu/ld-linux-x86-64.so.2)
      n1: 73728 0x4: ???
       n1: 73728 0x1FFF00024E: ???
        n1: 73728 0x1FFF000259: ???
         n1: 73728 0x1FFF00025C: ???
          n1: 73728 0x1FFF000269: ???
           n0: 73728 0x1FFF000281: ???
 n0: 924 in 10 places, all below massif's threshold (1.00%)
#-----------
snapshot=23
#-----------
time=4504230
mem_heap_B=2171805
mem_heap_extra_B=123
mem_stacks_B=0
heap_tree=detailed
n3: 2171805 (heap allocation functions) malloc/new/new[], --alloc-fns, etc.
 n1: 2097153 0x49B76D4: std::__cxx11::basic_string<char, std::char_traits<char>, std::allocator<char> >::reserve(unsigned long) (in /usr/lib/x86_64-linux-gnu/libstdc++.so.6.0.32)
  n1: 2097153 0x49AD7F6: std::__cxx11::basic_stringbuf<char, std::char_traits<char>, std::allocator<char> >::overflow(int) (in /usr/lib/x86_64-linux-gnu/libstdc++.so.6.0.32)
   n1: 2097153 0x49B580A: std::basic_streambuf<char, std::char_traits<char> >::xsputn(char const*, long) (in /usr/lib/x86_64-linux-gnu/libstdc++.so.6.0.32)
    n1: 2097153 0x49309A3: long std::__copy_streambufs_eof<char, std::char_traits<char> >(std::basic_streambuf<char, std::char_traits<char> >*, std::basic_streambuf<char, std::char_traits<char> >*, bool&) (in /usr/lib/x86_64-linux-gnu/libstdc++.so.6.0.32)
     n1: 2097153 0x112F97: __gnu_cxx::__enable_if<std::__is_char<char>::__value, std::ostreambuf_iterator<char, std::char_traits<char> > >::__type std::copy<char>(std::istreambuf_iterator<char, std::char_traits<char> >, std::istreambuf_iterator<char, std::char_traits<char> >, std::ostreambuf_iterator<char, std::char_traits<char> >) (streambuf_iterator.h:332)
      n1: 2097153 0x1106CF: PPM::Reader::fill(std::__cxx11::basic_string<char, std::char_traits<char>, std::allocator<char> >) (ppm.cpp:26)
       n1: 2097153 0x110E0F: PPM::Reader::operator()(std::__cxx11::basic_string<char, std::char_traits<char>, std::allocator<char> >) (ppm.cpp:107)
        n0: 2097153 0x10F2CB: main (blur_par.cpp:21)
 n1: 73728 0x4911371: ??? (in /usr/lib/x86_64-linux-gnu/libstdc++.so.6.0.32)
  n1: 73728 0x400647D: call_init.part.0 (dl-init.c:70)
   n1: 73728 0x4006567: call_init (dl-init.c:33)
    n1: 73728 0x4006567: _dl_init (dl-init.c:117)
     n1: 73728 0x40202C9: ??? (in /usr/lib/x86_64-linux-gnu/ld-linux-x86-64.so.2)
      n1: 73728 0x4: ???
       n1: 73728 0x1FFF00024E: ???
        n1: 73728 0x1FFF000259: ???
         n1: 73728 0x1FFF00025C: ???
          n1: 73728 0x1FFF000269: ???
           n0: 73728 0x1FFF000281: ???
 n0: 924 in 10 places, all below massif's threshold (1.00%)
#-----------
snapshot=24
#-----------
time=4541176
mem_heap_B=2171805
mem_heap_extra_B=123
mem_stacks_B=0
heap_tree=empty
#-----------
snapshot=25
#-----------
time=4600858
mem_heap_B=2171805
mem_heap_extra_B=123
mem_stacks_B=0
heap_tree=empty
#-----------
snapshot=26
#-----------
time=4642079
mem_heap_B=2172535
mem_heap_extra_B=161
mem_stacks_B=0
heap_tree=detailed
n3: 2172535 (heap allocation functions) malloc/new/new[], --alloc-fns, etc.
 n1: 2097153 0x49B76D4: std::__cxx11::basic_string<char, std::char_traits<char>, std::allocator<char> >::reserve(unsigned long) (in /usr/lib/x86_64-linux-gnu/libstdc++.so.6.0.32)
  n1: 2097153 0x49AD7F6: std::__cxx11::basic_stringbuf<char, std::char_traits<char>, std::allocator<char> >::overflow(int) (in /usr/lib/x86_64-linux-gnu/libstdc++.so.6.0.32)
   n1: 2097153 0x49B580A: std::basic_streambuf<char, std::char_traits<char> >::xsputn(char const*, long) (in /usr/lib/x86_64-linux-gnu/libstdc++.so.6.0.32)
    n1: 2097153 0x49309A3: long std::__copy_streambufs_eof<char, std::char_traits<char> >(std::basic_streambuf<char, std::char_traits<char> >*, std::basic_streambuf<char, std::char_traits<char> >*, bool&) (in /usr/lib/x86_64-linux-gnu/libstdc++.so.6.0.32)
     n1: 2097153 0x112F97: __gnu_cxx::__enable_if<std::__is_char<char>::__value, std::ostreambuf_iterator<char, std::char_traits<char> > >::__type std::copy<char>(std::istreambuf_iterator<char, std::char_traits<char> >, std::istreambuf_iterator<char, std::char_traits<char> >, std::ostreambuf_iterator<char, std::char_traits<char> >) (streambuf_iterator.h:332)
      n1: 2097153 0x1106CF: PPM::Reader::fill(std::__cxx11::basic_string<char, std::char_traits<char>, std::allocator<char> >) (ppm.cpp:26)
       n1: 2097153 0x110E0F: PPM::Reader::operator()(std::__cxx11::basic_string<char, std::char_traits<char>, std::allocator<char> >) (ppm.cpp:107)
        n0: 2097153 0x10F2CB: main (blur_par.cpp:21)
 n1: 73728 0x4911371: ??? (in /usr/lib/x86_64-linux-gnu/libstdc++.so.6.0.32)
  n1: 73728 0x400647D: call_init.part.0 (dl-init.c:70)
   n1: 73728 0x4006567: call_init (dl-init.c:33)
    n1: 73728 0x4006567: _dl_init (dl-init.c:117)
     n1: 73728 0x40202C9: ??? (in /usr/lib/x86_64-linux-gnu/ld-linux-x86-64.so.2)
      n1: 73728 0x4: ???
       n1: 73728 0x1FFF00024E: ???
        n1: 73728 0x1FFF000259: ???
         n1: 73728 0x1FFF00025C: ???
          n1: 73728 0x1FFF000269: ???
           n0: 73728 0x1FFF000281: ???
 n0: 1654 in 11 places, all below massif's threshold (1.00%)
#-----------
snapshot=27
#-----------
time=4713129
mem_heap_B=2172535
mem_heap_extra_B=161
mem_stacks_B=0
heap_tree=detailed
n3: 2172535 (heap allocation functions) malloc/new/new[], --alloc-fns, etc.
 n1: 2097153 0x49B76D4: std::__cxx11::basic_string<char, std::char_traits<char>, std::allocator<char> >::reserve(unsigned long) (in /usr/lib/x86_64-linux-gnu/libstdc++.so.6.0.32)
  n1: 2097153 0x49AD7F6: std::__cxx11::basic_stringbuf<char, std::char_traits<char>, std::allocator<char> >::overflow(int) (in /usr/lib/x86_64-linux-gnu/libstdc++.so.6.0.32)
   n1: 2097153 0x49B580A: std::basic_streambuf<char, std::char_traits<char> >::xsputn(char const*, long) (in /usr/lib/x86_64-linux-gnu/libstdc++.so.6.0.32)
    n1: 2097153 0x49309A3: long std::__copy_streambufs_eof<char, std::char_traits<char> >(std::basic_streambuf<char, std::char_traits<char> >*, std::basic_streambuf<char, std::char_traits<char> >*, bool&) (in /usr/lib/x86_64-linux-gnu/libstdc++.so.6.0.32)
     n1: 2097153 0x112F97: __gnu_cxx::__enable_if<std::__is_char<char>::__value, std::ostreambuf_iterator<char, std::char_traits<char> > >::__type std::copy<char>(std::istreambuf_iterator<char, std::char_traits<char> >, std::istreambuf_iterator<char, std::char_traits<char> >, std::ostreambuf_iterator<char, std::char_traits<char> >) (streambuf_iterator.h:332)
      n1: 2097153 0x1106CF: PPM::Reader::fill(std::__cxx11::basic_string<char, std::char_traits<char>, std::allocator<char> >) (ppm.cpp:26)
       n1: 2097153 0x110E0F: PPM::Reader::operator()(std::__cxx11::basic_string<char, std::char_traits<char>, std::allocator<char> >) (ppm.cpp:107)
        n0: 2097153 0x10F2CB: main (blur_par.cpp:21)
 n1: 73728 0x4911371: ??? (in /usr/lib/x86_64-linux-gnu/libstdc++.so.6.0.32)
  n1: 73728 0x400647D: call_init.part.0 (dl-init.c:70)
   n1: 73728 0x4006567: call_init (dl-init.c:33)
    n1: 73728 0x4006567: _dl_init (dl-init.c:117)
     n1: 73728 0x40202C9: ??? (in /usr/lib/x86_64-linux-gnu/ld-linux-x86-64.so.2)
      n1: 73728 0x4: ???
       n1: 73728 0x1FFF00024E: ???
        n1: 73728 0x1FFF000259: ???
         n1: 73728 0x1FFF00025C: ???
          n1: 73728 0x1FFF000269: ???
           n0: 73728 0x1FFF000281: ???
 n0: 1654 in 11 places, all below massif's threshold (1.00%)
#-----------
snapshot=28
#-----------
time=4747653
mem_heap_B=2172532
mem_heap_extra_B=116
mem_stacks_B=0
heap_tree=detailed
n3: 2172532 (heap allocation functions) malloc/new/new[], --alloc-fns, etc.
 n1: 2097153 0x49B76D4: std::__cxx11::basic_string<char, std::char_traits<char>, std::allocator<char> >::reserve(unsigned long) (in /usr/lib/x86_64-linux-gnu/libstdc++.so.6.0.32)
  n1: 2097153 0x49AD7F6: std::__cxx11::basic_stringbuf<char, std::char_traits<char>, std::allocator<char> >::overflow(int) (in /usr/lib/x86_64-linux-gnu/libstdc++.so.6.0.32)
   n1: 2097153 0x49B580A: std::basic_streambuf<char, std::char_traits<char> >::xsputn(char const*, long) (in /usr/lib/x86_64-linux-gnu/libstdc++.so.6.0.32)
    n1: 2097153 0x49309A3: long std::__copy_streambufs_eof<char, std::char_traits<char> >(std::basic_streambuf<char, std::char_traits<char> >*, std::basic_streambuf<char, std::char_traits<char> >*, bool&) (in /usr/lib/x86_64-linux-gnu/libstdc++.so.6.0.32)
     n1: 2097153 0x112F97: __gnu_cxx::__enable_if<std::__is_char<char>::__value, std::ostreambuf_iterator<char, std::char_traits<char> > >::__type std::copy<char>(std::istreambuf_iterator<char, std::char_traits<char> >, std::istreambuf_iterator<char, std::char_traits<char> >, std::ostreambuf_iterator<char, std::char_traits<char> >) (streambuf_iterator.h:332)
      n1: 2097153 0x1106CF: PPM::Reader::fill(std::__cxx11::basic_string<char, std::char_traits<char>, std::allocator<char> >) (ppm.cpp:26)
       n1: 2097153 0x110E0F: PPM::Reader::operator()(std::__cxx11::basic_string<char, std::char_traits<char>, std::allocator<char> >) (ppm.cpp:107)
        n0: 2097153 0x10F2CB: main (blur_par.cpp:21)
 n1: 73728 0x4911371: ??? (in /usr/lib/x86_64-linux-gnu/libstdc++.so.6.0.32)
  n1: 73728 0x400647D: call_init.part.0 (dl-init.c:70)
   n1: 73728 0x4006567: call_init (dl-init.c:33)
    n1: 73728 0x4006567: _dl_init (dl-init.c:117)
     n1: 73728 0x40202C9: ??? (in /usr/lib/x86_64-linux-gnu/ld-linux-x86-64.so.2)
      n1: 73728 0x4: ???
       n1: 73728 0x1FFF00024E: ???
        n1: 73728 0x1FFF000259: ???
         n1: 73728 0x1FFF00025C: ???
          n1: 73728 0x1FFF000269: ???
           n0: 73728 0x1FFF000281: ???
 n0: 1651 in 11 places, all below massif's threshold (1.00%)
#-----------
snapshot=29
#-----------
time=4791049
mem_heap_B=2172535
mem_heap_extra_B=161
mem_stacks_B=0
heap_tree=detailed
n3: 2172535 (heap allocation functions) malloc/new/new[], --alloc-fns, etc.
 n1: 2097153 0x49B76D4: std::__cxx11::basic_string<char, std::char_traits<char>, std::allocator<char> >::reserve(unsigned long) (in /usr/lib/x86_64-linux-gnu/libstdc++.so.6.0.32)
  n1: 2097153 0x49AD7F6: std::__cxx11::basic_stringbuf<char, std::char_traits<char>, std::allocator<char> >::overflow(int) (in /usr/lib/x86_64-linux-gnu/libstdc++.so.6.0.32)
   n1: 2097153 0x49B580A: std::basic_streambuf<char, std::char_traits<char> >::xsputn(char const*, long) (in /usr/lib/x86_64-linux-gnu/libstdc++.so.6.0.32)
    n1: 2097153 0x49309A3: long std::__copy_streambufs_eof<char, std::char_traits<char> >(std::basic_streambuf<char, std::char_traits<char> >*, std::basic_streambuf<char, std::char_traits<char> >*, bool&) (in /usr/lib/x86_64-linux-gnu/libstdc++.so.6.0.32)
     n1: 2097153 0x112F97: __gnu_cxx::__enable_if<std::__is_char<char>::__value, std::ostreambuf_iterator<char, std::char_traits<char> > >::__type std::copy<char>(std::istreambuf_iterator<char, std::char_traits<char> >, std::istreambuf_iterator<char, std::char_traits<char> >, std::ostreambuf_iterator<char, std::char_traits<char> >) (streambuf_iterator.h:332)
      n1: 2097153 0x1106CF: PPM::Reader::fill(std::__cxx11::basic_string<char, std::char_traits<char>, std::allocator<char> >) (ppm.cpp:26)
       n1: 2097153 0x110E0F: PPM::Reader::operator()(std::__cxx11::basic_string<char, std::char_traits<char>, std::allocator<char> >) (ppm.cpp:107)
        n0: 2097153 0x10F2CB: main (blur_par.cpp:21)
 n1: 73728 0x4911371: ??? (in /usr/lib/x86_64-linux-gnu/libstdc++.so.6.0.32)
  n1: 73728 0x400647D: call_init.part.0 (dl-init.c:70)
   n1: 73728 0x4006567: call_init (dl-init.c:33)
    n1: 73728 0x4006567: _dl_init (dl-init.c:117)
     n1: 73728 0x40202C9: ??? (in /usr/lib/x86_64-linux-gnu/ld-linux-x86-64.so.2)
      n1: 73728 0x4: ???
       n1: 73728 0x1FFF00024E: ???
        n1: 73728 0x1FFF000259: ???
         n1: 73728 0x1FFF00025C: ???
          n1: 73728 0x1FFF000269: ???
           n0: 73728 0x1FFF000281: ???
 n0: 1654 in 11 places, all below massif's threshold (1.00%)
#-----------
snapshot=30
#-----------
time=4862099
mem_heap_B=2172535
mem_heap_extra_B=161
mem_stacks_B=0
heap_tree=detailed
n3: 2172535 (heap allocation functions) malloc/new/new[], --alloc-fns, etc.
 n1: 2097153 0x49B76D4: std::__cxx11::basic_string<char, std::char_traits<char>, std::allocator<char> >::reserve(unsigned long) (in /usr/lib/x86_64-linux-gnu/libstdc++.so.6.0.32)
  n1: 2097153 0x49AD7F6: std::__cxx11::basic_stringbuf<char, std::char_traits<char>, std::allocator<char> >::overflow(int) (in /usr/lib/x86_64-linux-gnu/libstdc++.so.6.0.32)
   n1: 2097153 0x49B580A: std::basic_streambuf<char, std::char_traits<char> >::xsputn(char const*, long) (in /usr/lib/x86_64-linux-gnu/libstdc++.so.6.0.32)
    n1: 2097153 0x49309A3: long std::__copy_streambufs_eof<char, std::char_traits<char> >(std::basic_streambuf<char, std::char_traits<char> >*, std::basic_streambuf<char, std::char_traits<char> >*, bool&) (in /usr/lib/x86_64-linux-gnu/libstdc++.so.6.0.32)
     n1: 2097153 0x112F97: __gnu_cxx::__enable_if<std::__is_char<char>::__value, std::ostreambuf_iterator<char, std::char_traits<char> > >::__type std::copy<char>(std::istreambuf_iterator<char, std::char_traits<char> >, std::istreambuf_iterator<char, std::char_traits<char> >, std::ostreambuf_iterator<char, std::char_traits<char> >) (streambuf_iterator.h:332)
      n1: 2097153 0x1106CF: PPM::Reader::fill(std::__cxx11::basic_string<char, std::char_traits<char>, std::allocator<char> >) (ppm.cpp:26)
       n1: 2097153 0x110E0F: PPM::Reader::operator()(std::__cxx11::basic_string<char, std::char_traits<char>, std::allocator<char> >) (ppm.cpp:107)
        n0: 2097153 0x10F2CB: main (blur_par.cpp:21)
 n1: 73728 0x4911371: ??? (in /usr/lib/x86_64-linux-gnu/libstdc++.so.6.0.32)
  n1: 73728 0x400647D: call_init.part.0 (dl-init.c:70)
   n1: 73728 0x4006567: call_init (dl-init.c:33)
    n1: 73728 0x4006567: _dl_init (dl-init.c:117)
     n1: 73728 0x40202C9: ??? (in /usr/lib/x86_64-linux-gnu/ld-linux-x86-64.so.2)
      n1: 73728 0x4: ???
       n1: 73728 0x1FFF00024E: ???
        n1: 73728 0x1FFF000259: ???
         n1: 73728 0x1FFF00025C: ???
          n1: 73728 0x1FFF000269: ???
           n0: 73728 0x1FFF000281: ???
 n0: 1654 in 11 places, all below massif's threshold (1.00%)
#-----------
snapshot=31
#-----------
time=4933149
mem_heap_B=2172535
mem_heap_extra_B=161
mem_stacks_B=0
heap_tree=detailed
n3: 2172535 (heap allocation functions) malloc/new/new[], --alloc-fns, etc.
 n1: 2097153 0x49B76D4: std::__cxx11::basic_string<char, std::char_traits<char>, std::allocator<char> >::reserve(unsigned long) (in /usr/lib/x86_64-linux-gnu/libstdc++.so.6.0.32)
  n1: 2097153 0x49AD7F6: std::__cxx11::basic_stringbuf<char, std::char_traits<char>, std::allocator<char> >::overflow(int) (in /usr/lib/x86_64-linux-gnu/libstdc++.so.6.0.32)
   n1: 2097153 0x49B580A: std::basic_streambuf<char, std::char_traits<char> >::xsputn(char const*, long) (in /usr/lib/x86_64-linux-gnu/libstdc++.so.6.0.32)
    n1: 2097153 0x49309A3: long std::__copy_streambufs_eof<char, std::char_traits<char> >(std::basic_streambuf<char, std::char_traits<char> >*, std::basic_streambuf<char, std::char_traits<char> >*, bool&) (in /usr/lib/x86_64-linux-gnu/libstdc++.so.6.0.32)
     n1: 2097153 0x112F97: __gnu_cxx::__enable_if<std::__is_char<char>::__value, std::ostreambuf_iterator<char, std::char_traits<char> > >::__type std::copy<char>(std::istreambuf_iterator<char, std::char_traits<char> >, std::istreambuf_iterator<char, std::char_traits<char> >, std::ostreambuf_iterator<char, std::char_traits<char> >) (streambuf_iterator.h:332)
      n1: 2097153 0x1106CF: PPM::Reader::fill(std::__cxx11::basic_string<char, std::char_traits<char>, std::allocator<char> >) (ppm.cpp:26)
       n1: 2097153 0x110E0F: PPM::Reader::operator()(std::__cxx11::basic_string<char, std::char_traits<char>, std::allocator<char> >) (ppm.cpp:107)
        n0: 2097153 0x10F2CB: main (blur_par.cpp:21)
 n1: 73728 0x4911371: ??? (in /usr/lib/x86_64-linux-gnu/libstdc++.so.6.0.32)
  n1: 73728 0x400647D: call_init.part.0 (dl-init.c:70)
   n1: 73728 0x4006567: call_init (dl-init.c:33)
    n1: 73728 0x4006567: _dl_init (dl-init.c:117)
     n1: 73728 0x40202C9: ??? (in /usr/lib/x86_64-linux-gnu/ld-linux-x86-64.so.2)
      n1: 73728 0x4: ???
       n1: 73728 0x1FFF00024E: ???
        n1: 73728 0x1FFF000259: ???
         n1: 73728 0x1FFF00025C: ???
          n1: 73728 0x1FFF000269: ???
           n0: 73728 0x1FFF000281: ???
 n0: 1654 in 11 places, all below massif's threshold (1.00%)
#-----------
snapshot=32
#-----------
time=5004199
mem_heap_B=2172535
mem_heap_extra_B=161
mem_stacks_B=0
heap_tree=detailed
n3: 2172535 (heap allocation functions) malloc/new/new[], --alloc-fns, etc.
 n1: 2097153 0x49B76D4: std::__cxx11::basic_string<char, std::char_traits<char>, std::allocator<char> >::reserve(unsigned long) (in /usr/lib/x86_64-linux-gnu/libstdc++.so.6.0.32)
  n1: 2097153 0x49AD7F6: std::__cxx11::basic_stringbuf<char, std::char_traits<char>, std::allocator<char> >::overflow(int) (in /usr/lib/x86_64-linux-gnu/libstdc++.so.6.0.32)
   n1: 2097153 0x49B580A: std::basic_streambuf<char, std::char_traits<char> >::xsputn(char const*, long) (in /usr/lib/x86_64-linux-gnu/libstdc++.so.6.0.32)
    n1: 2097153 0x49309A3: long std::__copy_streambufs_eof<char, std::char_traits<char> >(std::basic_streambuf<char, std::char_traits<char> >*, std::basic_streambuf<char, std::char_traits<char> >*, bool&) (in /usr/lib/x86_64-linux-gnu/libstdc++.so.6.0.32)
     n1: 2097153 0x112F97: __gnu_cxx::__enable_if<std::__is_char<char>::__value, std::ostreambuf_iterator<char, std::char_traits<char> > >::__type std::copy<char>(std::istreambuf_iterator<char, std::char_traits<char> >, std::istreambuf_iterator<char, std::char_traits<char> >, std::ostreambuf_iterator<char, std::char_traits<char> >) (streambuf_iterator.h:332)
      n1: 2097153 0x1106CF: PPM::Reader::fill(std::__cxx11::basic_string<char, std::char_traits<char>, std::allocator<char> >) (ppm.cpp:26)
       n1: 2097153 0x110E0F: PPM::Reader::operator()(std::__cxx11::basic_string<char, std::char_traits<char>, std::allocator<char> >) (ppm.cpp:107)
        n0: 2097153 0x10F2CB: main (blur_par.cpp:21)
 n1: 73728 0x4911371: ??? (in /usr/lib/x86_64-linux-gnu/libstdc++.so.6.0.32)
  n1: 73728 0x400647D: call_init.part.0 (dl-init.c:70)
   n1: 73728 0x4006567: call_init (dl-init.c:33)
    n1: 73728 0x4006567: _dl_init (dl-init.c:117)
     n1: 73728 0x40202C9: ??? (in /usr/lib/x86_64-linux-gnu/ld-linux-x86-64.so.2)
      n1: 73728 0x4: ???
       n1: 73728 0x1FFF00024E: ???
        n1: 73728 0x1FFF000259: ???
         n1: 73728 0x1FFF00025C: ???
          n1: 73728 0x1FFF000269: ???
           n0: 73728 0x1FFF000281: ???
 n0: 1654 in 11 places, all below massif's threshold (1.00%)
#-----------
snapshot=33
#-----------
time=5075249
mem_heap_B=2172535
mem_heap_extra_B=161
mem_stacks_B=0
heap_tree=detailed
n3: 2172535 (heap allocation functions) malloc/new/new[], --alloc-fns, etc.
 n1: 2097153 0x49B76D4: std::__cxx11::basic_string<char, std::char_traits<char>, std::allocator<char> >::reserve(unsigned long) (in /usr/lib/x86_64-linux-gnu/libstdc++.so.6.0.32)
  n1: 2097153 0x49AD7F6: std::__cxx11::basic_stringbuf<char, std::char_traits<char>, std::allocator<char> >::overflow(int) (in /usr/lib/x86_64-linux-gnu/libstdc++.so.6.0.32)
   n1: 2097153 0x49B580A: std::basic_streambuf<char, std::char_traits<char> >::xsputn(char const*, long) (in /usr/lib/x86_64-linux-gnu/libstdc++.so.6.0.32)
    n1: 2097153 0x49309A3: long std::__copy_streambufs_eof<char, std::char_traits<char> >(std::basic_streambuf<char, std::char_traits<char> >*, std::basic_streambuf<char, std::char_traits<char> >*, bool&) (in /usr/lib/x86_64-linux-gnu/libstdc++.so.6.0.32)
     n1: 2097153 0x112F97: __gnu_cxx::__enable_if<std::__is_char<char>::__value, std::ostreambuf_iterator<char, std::char_traits<char> > >::__type std::copy<char>(std::istreambuf_iterator<char, std::char_traits<char> >, std::istreambuf_iterator<char, std::char_traits<char> >, std::ostreambuf_iterator<char, std::char_traits<char> >) (streambuf_iterator.h:332)
      n1: 2097153 0x1106CF: PPM::Reader::fill(std::__cxx11::basic_string<char, std::char_traits<char>, std::allocator<char> >) (ppm.cpp:26)
       n1: 2097153 0x110E0F: PPM::Reader::operator()(std::__cxx11::basic_string<char, std::char_traits<char>, std::allocator<char> >) (ppm.cpp:107)
        n0: 2097153 0x10F2CB: main (blur_par.cpp:21)
 n1: 73728 0x4911371: ??? (in /usr/lib/x86_64-linux-gnu/libstdc++.so.6.0.32)
  n1: 73728 0x400647D: call_init.part.0 (dl-init.c:70)
   n1: 73728 0x4006567: call_init (dl-init.c:33)
    n1: 73728 0x4006567: _dl_init (dl-init.c:117)
     n1: 73728 0x40202C9: ??? (in /usr/lib/x86_64-linux-gnu/ld-linux-x86-64.so.2)
      n1: 73728 0x4: ???
       n1: 73728 0x1FFF00024E: ???
        n1: 73728 0x1FFF000259: ???
         n1: 73728 0x1FFF00025C: ???
          n1: 73728 0x1FFF000269: ???
           n0: 73728 0x1FFF000281: ???
 n0: 1654 in 11 places, all below massif's threshold (1.00%)
#-----------
snapshot=34
#-----------
time=5146299
mem_heap_B=2172535
mem_heap_extra_B=161
mem_stacks_B=0
heap_tree=detailed
n3: 2172535 (heap allocation functions) malloc/new/new[], --alloc-fns, etc.
 n1: 2097153 0x49B76D4: std::__cxx11::basic_string<char, std::char_traits<char>, std::allocator<char> >::reserve(unsigned long) (in /usr/lib/x86_64-linux-gnu/libstdc++.so.6.0.32)
  n1: 2097153 0x49AD7F6: std::__cxx11::basic_stringbuf<char, std::char_traits<char>, std::allocator<char> >::overflow(int) (in /usr/lib/x86_64-linux-gnu/libstdc++.so.6.0.32)
   n1: 2097153 0x49B580A: std::basic_streambuf<char, std::char_traits<char> >::xsputn(char const*, long) (in /usr/lib/x86_64-linux-gnu/libstdc++.so.6.0.32)
    n1: 2097153 0x49309A3: long std::__copy_streambufs_eof<char, std::char_traits<char> >(std::basic_streambuf<char, std::char_traits<char> >*, std::basic_streambuf<char, std::char_traits<char> >*, bool&) (in /usr/lib/x86_64-linux-gnu/libstdc++.so.6.0.32)
     n1: 2097153 0x112F97: __gnu_cxx::__enable_if<std::__is_char<char>::__value, std::ostreambuf_iterator<char, std::char_traits<char> > >::__type std::copy<char>(std::istreambuf_iterator<char, std::char_traits<char> >, std::istreambuf_iterator<char, std::char_traits<char> >, std::ostreambuf_iterator<char, std::char_traits<char> >) (streambuf_iterator.h:332)
      n1: 2097153 0x1106CF: PPM::Reader::fill(std::__cxx11::basic_string<char, std::char_traits<char>, std::allocator<char> >) (ppm.cpp:26)
       n1: 2097153 0x110E0F: PPM::Reader::operator()(std::__cxx11::basic_string<char, std::char_traits<char>, std::allocator<char> >) (ppm.cpp:107)
        n0: 2097153 0x10F2CB: main (blur_par.cpp:21)
 n1: 73728 0x4911371: ??? (in /usr/lib/x86_64-linux-gnu/libstdc++.so.6.0.32)
  n1: 73728 0x400647D: call_init.part.0 (dl-init.c:70)
   n1: 73728 0x4006567: call_init (dl-init.c:33)
    n1: 73728 0x4006567: _dl_init (dl-init.c:117)
     n1: 73728 0x40202C9: ??? (in /usr/lib/x86_64-linux-gnu/ld-linux-x86-64.so.2)
      n1: 73728 0x4: ???
       n1: 73728 0x1FFF00024E: ???
        n1: 73728 0x1FFF000259: ???
         n1: 73728 0x1FFF00025C: ???
          n1: 73728 0x1FFF000269: ???
           n0: 73728 0x1FFF000281: ???
 n0: 1654 in 11 places, all below massif's threshold (1.00%)
#-----------
snapshot=35
#-----------
time=5217349
mem_heap_B=2172535
mem_heap_extra_B=161
mem_stacks_B=0
heap_tree=detailed
n3: 2172535 (heap allocation functions) malloc/new/new[], --alloc-fns, etc.
 n1: 2097153 0x49B76D4: std::__cxx11::basic_string<char, std::char_traits<char>, std::allocator<char> >::reserve(unsigned long) (in /usr/lib/x86_64-linux-gnu/libstdc++.so.6.0.32)
  n1: 2097153 0x49AD7F6: std::__cxx11::basic_stringbuf<char, std::char_traits<char>, std::allocator<char> >::overflow(int) (in /usr/lib/x86_64-linux-gnu/libstdc++.so.6.0.32)
   n1: 2097153 0x49B580A: std::basic_streambuf<char, std::char_traits<char> >::xsputn(char const*, long) (in /usr/lib/x86_64-linux-gnu/libstdc++.so.6.0.32)
    n1: 2097153 0x49309A3: long std::__copy_streambufs_eof<char, std::char_traits<char> >(std::basic_streambuf<char, std::char_traits<char> >*, std::basic_streambuf<char, std::char_traits<char> >*, bool&) (in /usr/lib/x86_64-linux-gnu/libstdc++.so.6.0.32)
     n1: 2097153 0x112F97: __gnu_cxx::__enable_if<std::__is_char<char>::__value, std::ostreambuf_iterator<char, std::char_traits<char> > >::__type std::copy<char>(std::istreambuf_iterator<char, std::char_traits<char> >, std::istreambuf_iterator<char, std::char_traits<char> >, std::ostreambuf_iterator<char, std::char_traits<char> >) (streambuf_iterator.h:332)
      n1: 2097153 0x1106CF: PPM::Reader::fill(std::__cxx11::basic_string<char, std::char_traits<char>, std::allocator<char> >) (ppm.cpp:26)
       n1: 2097153 0x110E0F: PPM::Reader::operator()(std::__cxx11::basic_string<char, std::char_traits<char>, std::allocator<char> >) (ppm.cpp:107)
        n0: 2097153 0x10F2CB: main (blur_par.cpp:21)
 n1: 73728 0x4911371: ??? (in /usr/lib/x86_64-linux-gnu/libstdc++.so.6.0.32)
  n1: 73728 0x400647D: call_init.part.0 (dl-init.c:70)
   n1: 73728 0x4006567: call_init (dl-init.c:33)
    n1: 73728 0x4006567: _dl_init (dl-init.c:117)
     n1: 73728 0x40202C9: ??? (in /usr/lib/x86_64-linux-gnu/ld-linux-x86-64.so.2)
      n1: 73728 0x4: ???
       n1: 73728 0x1FFF00024E: ???
        n1: 73728 0x1FFF000259: ???
         n1: 73728 0x1FFF00025C: ???
          n1: 73728 0x1FFF000269: ???
           n0: 73728 0x1FFF000281: ???
 n0: 1654 in 11 places, all below massif's threshold (1.00%)
#-----------
snapshot=36
#-----------
time=5285557
mem_heap_B=2172535
mem_heap_extra_B=161
mem_stacks_B=0
heap_tree=empty
#-----------
snapshot=37
#-----------
time=5357967
mem_heap_B=2174220
mem_heap_extra_B=140
mem_stacks_B=0
heap_tree=empty
#-----------
snapshot=38
#-----------
time=5405645
mem_heap_B=2171764
mem_heap_extra_B=132
mem_stacks_B=0
heap_tree=detailed
n3: 2171764 (heap allocation functions) malloc/new/new[], --alloc-fns, etc.
 n1: 2097153 0x49B76D4: std::__cxx11::basic_string<char, std::char_traits<char>, std::allocator<char> >::reserve(unsigned long) (in /usr/lib/x86_64-linux-gnu/libstdc++.so.6.0.32)
  n1: 2097153 0x49AD7F6: std::__cxx11::basic_stringbuf<char, std::char_traits<char>, std::allocator<char> >::overflow(int) (in /usr/lib/x86_64-linux-gnu/libstdc++.so.6.0.32)
   n1: 2097153 0x49B580A: std::basic_streambuf<char, std::char_traits<char> >::xsputn(char const*, long) (in /usr/lib/x86_64-linux-gnu/libstdc++.so.6.0.32)
    n1: 2097153 0x49309A3: long std::__copy_streambufs_eof<char, std::char_traits<char> >(std::basic_streambuf<char, std::char_traits<char> >*, std::basic_streambuf<char, std::char_traits<char> >*, bool&) (in /usr/lib/x86_64-linux-gnu/libstdc++.so.6.0.32)
     n1: 2097153 0x112F97: __gnu_cxx::__enable_if<std::__is_char<char>::__value, std::ostreambuf_iterator<char, std::char_traits<char> > >::__type std::copy<char>(std::istreambuf_iterator<char, std::char_traits<char> >, std::istreambuf_iterator<char, std::char_traits<char> >, std::ostreambuf_iterator<char, std::char_traits<char> >) (streambuf_iterator.h:332)
      n1: 2097153 0x1106CF: PPM::Reader::fill(std::__cxx11::basic_string<char, std::char_traits<char>, std::allocator<char> >) (ppm.cpp:26)
       n1: 2097153 0x110E0F: PPM::Reader::operator()(std::__cxx11::basic_string<char, std::char_traits<char>, std::allocator<char> >) (ppm.cpp:107)
        n0: 2097153 0x10F2CB: main (blur_par.cpp:21)
 n1: 73728 0x4911371: ??? (in /usr/lib/x86_64-linux-gnu/libstdc++.so.6.0.32)
  n1: 73728 0x400647D: call_init.part.0 (dl-init.c:70)
   n1: 73728 0x4006567: call_init (dl-init.c:33)
    n1: 73728 0x4006567: _dl_init (dl-init.c:117)
     n1: 73728 0x40202C9: ??? (in /usr/lib/x86_64-linux-gnu/ld-linux-x86-64.so.2)
      n1: 73728 0x4: ???
       n1: 73728 0x1FFF00024E: ???
        n1: 73728 0x1FFF000259: ???
         n1: 73728 0x1FFF00025C: ???
          n1: 73728 0x1FFF000269: ???
           n0: 73728 0x1FFF000281: ???
 n0: 883 in 13 places, all below massif's threshold (1.00%)
#-----------
snapshot=39
#-----------
time=5473949
mem_heap_B=2171764
mem_heap_extra_B=132
mem_stacks_B=0
heap_tree=empty
#-----------
snapshot=40
#-----------
time=5545443
mem_heap_B=2171762
mem_heap_extra_B=110
mem_stacks_B=0
heap_tree=empty
#-----------
snapshot=41
#-----------
time=5613747
mem_heap_B=2171762
mem_heap_extra_B=110
mem_stacks_B=0
heap_tree=empty
#-----------
snapshot=42
#-----------
time=5664975
mem_heap_B=2171762
mem_heap_extra_B=110
mem_stacks_B=0
heap_tree=detailed
n3: 2171762 (heap allocation functions) malloc/new/new[], --alloc-fns, etc.
 n1: 2097153 0x49B76D4: std::__cxx11::basic_string<char, std::char_traits<char>, std::allocator<char> >::reserve(unsigned long) (in /usr/lib/x86_64-linux-gnu/libstdc++.so.6.0.32)
  n1: 2097153 0x49AD7F6: std::__cxx11::basic_stringbuf<char, std::char_traits<char>, std::allocator<char> >::overflow(int) (in /usr/lib/x86_64-linux-gnu/libstdc++.so.6.0.32)
   n1: 2097153 0x49B580A: std::basic_streambuf<char, std::char_traits<char> >::xsputn(char const*, long) (in /usr/lib/x86_64-linux-gnu/libstdc++.so.6.0.32)
    n1: 2097153 0x49309A3: long std::__copy_streambufs_eof<char, std::char_traits<char> >(std::basic_streambuf<char, std::char_traits<char> >*, std::basic_streambuf<char, std::char_traits<char> >*, bool&) (in /usr/lib/x86_64-linux-gnu/libstdc++.so.6.0.32)
     n1: 2097153 0x112F97: __gnu_cxx::__enable_if<std::__is_char<char>::__value, std::ostreambuf_iterator<char, std::char_traits<char> > >::__type std::copy<char>(std::istreambuf_iterator<char, std::char_traits<char> >, std::istreambuf_iterator<char, std::char_traits<char> >, std::ostreambuf_iterator<char, std::char_traits<char> >) (streambuf_iterator.h:332)
      n1: 2097153 0x1106CF: PPM::Reader::fill(std::__cxx11::basic_string<char, std::char_traits<char>, std::allocator<char> >) (ppm.cpp:26)
       n1: 2097153 0x110E0F: PPM::Reader::operator()(std::__cxx11::basic_string<char, std::char_traits<char>, std::allocator<char> >) (ppm.cpp:107)
        n0: 2097153 0x10F2CB: main (blur_par.cpp:21)
 n1: 73728 0x4911371: ??? (in /usr/lib/x86_64-linux-gnu/libstdc++.so.6.0.32)
  n1: 73728 0x400647D: call_init.part.0 (dl-init.c:70)
   n1: 73728 0x4006567: call_init (dl-init.c:33)
    n1: 73728 0x4006567: _dl_init (dl-init.c:117)
     n1: 73728 0x40202C9: ??? (in /usr/lib/x86_64-linux-gnu/ld-linux-x86-64.so.2)
      n1: 73728 0x4: ???
       n1: 73728 0x1FFF00024E: ???
        n1: 73728 0x1FFF000259: ???
         n1: 73728 0x1FFF00025C: ???
          n1: 73728 0x1FFF000269: ???
           n0: 73728 0x1FFF000281: ???
 n0: 881 in 13 places, all below massif's threshold (1.00%)
#-----------
snapshot=43
#-----------
time=5733279
mem_heap_B=2171762
mem_heap_extra_B=110
mem_stacks_B=0
heap_tree=empty
#-----------
snapshot=44
#-----------
time=5801583
mem_heap_B=2171762
mem_heap_extra_B=110
mem_stacks_B=0
heap_tree=empty
#-----------
snapshot=45
#-----------
time=5869887
mem_heap_B=2171762
mem_heap_extra_B=110
mem_stacks_B=0
heap_tree=empty
#-----------
snapshot=46
#-----------
time=5938191
mem_heap_B=2171762
mem_heap_extra_B=110
mem_stacks_B=0
heap_tree=empty
#-----------
snapshot=47
#-----------
time=6006495
mem_heap_B=2171762
mem_heap_extra_B=110
mem_stacks_B=0
heap_tree=detailed
n3: 2171762 (heap allocation functions) malloc/new/new[], --alloc-fns, etc.
 n1: 2097153 0x49B76D4: std::__cxx11::basic_string<char, std::char_traits<char>, std::allocator<char> >::reserve(unsigned long) (in /usr/lib/x86_64-linux-gnu/libstdc++.so.6.0.32)
  n1: 2097153 0x49AD7F6: std::__cxx11::basic_stringbuf<char, std::char_traits<char>, std::allocator<char> >::overflow(int) (in /usr/lib/x86_64-linux-gnu/libstdc++.so.6.0.32)
   n1: 2097153 0x49B580A: std::basic_streambuf<char, std::char_traits<char> >::xsputn(char const*, long) (in /usr/lib/x86_64-linux-gnu/libstdc++.so.6.0.32)
    n1: 2097153 0x49309A3: long std::__copy_streambufs_eof<char, std::char_traits<char> >(std::basic_streambuf<char, std::char_traits<char> >*, std::basic_streambuf<char, std::char_traits<char> >*, bool&) (in /usr/lib/x86_64-linux-gnu/libstdc++.so.6.0.32)
     n1: 2097153 0x112F97: __gnu_cxx::__enable_if<std::__is_char<char>::__value, std::ostreambuf_iterator<char, std::char_traits<char> > >::__type std::copy<char>(std::istreambuf_iterator<char, std::char_traits<char> >, std::istreambuf_iterator<char, std::char_traits<char> >, std::ostreambuf_iterator<char, std::char_traits<char> >) (streambuf_iterator.h:332)
      n1: 2097153 0x1106CF: PPM::Reader::fill(std::__cxx11::basic_string<char, std::char_traits<char>, std::allocator<char> >) (ppm.cpp:26)
       n1: 2097153 0x110E0F: PPM::Reader::operator()(std::__cxx11::basic_string<char, std::char_traits<char>, std::allocator<char> >) (ppm.cpp:107)
        n0: 2097153 0x10F2CB: main (blur_par.cpp:21)
 n1: 73728 0x4911371: ??? (in /usr/lib/x86_64-linux-gnu/libstdc++.so.6.0.32)
  n1: 73728 0x400647D: call_init.part.0 (dl-init.c:70)
   n1: 73728 0x4006567: call_init (dl-init.c:33)
    n1: 73728 0x4006567: _dl_init (dl-init.c:117)
     n1: 73728 0x40202C9: ??? (in /usr/lib/x86_64-linux-gnu/ld-linux-x86-64.so.2)
      n1: 73728 0x4: ???
       n1: 73728 0x1FFF00024E: ???
        n1: 73728 0x1FFF000259: ???
         n1: 73728 0x1FFF00025C: ???
          n1: 73728 0x1FFF000269: ???
           n0: 73728 0x1FFF000281: ???
 n0: 881 in 13 places, all below massif's threshold (1.00%)
#-----------
snapshot=48
#-----------
time=6040647
mem_heap_B=2171762
mem_heap_extra_B=110
mem_stacks_B=0
heap_tree=empty
#-----------
snapshot=49
#-----------
time=6091875
mem_heap_B=2171762
mem_heap_extra_B=110
mem_stacks_B=0
heap_tree=detailed
n3: 2171762 (heap allocation functions) malloc/new/new[], --alloc-fns, etc.
 n1: 2097153 0x49B76D4: std::__cxx11::basic_string<char, std::char_traits<char>, std::allocator<char> >::reserve(unsigned long) (in /usr/lib/x86_64-linux-gnu/libstdc++.so.6.0.32)
  n1: 2097153 0x49AD7F6: std::__cxx11::basic_stringbuf<char, std::char_traits<char>, std::allocator<char> >::overflow(int) (in /usr/lib/x86_64-linux-gnu/libstdc++.so.6.0.32)
   n1: 2097153 0x49B580A: std::basic_streambuf<char, std::char_traits<char> >::xsputn(char const*, long) (in /usr/lib/x86_64-linux-gnu/libstdc++.so.6.0.32)
    n1: 2097153 0x49309A3: long std::__copy_streambufs_eof<char, std::char_traits<char> >(std::basic_streambuf<char, std::char_traits<char> >*, std::basic_streambuf<char, std::char_traits<char> >*, bool&) (in /usr/lib/x86_64-linux-gnu/libstdc++.so.6.0.32)
     n1: 2097153 0x112F97: __gnu_cxx::__enable_if<std::__is_char<char>::__value, std::ostreambuf_iterator<char, std::char_traits<char> > >::__type std::copy<char>(std::istreambuf_iterator<char, std::char_traits<char> >, std::istreambuf_iterator<char, std::char_traits<char> >, std::ostreambuf_iterator<char, std::char_traits<char> >) (streambuf_iterator.h:332)
      n1: 2097153 0x1106CF: PPM::Reader::fill(std::__cxx11::basic_string<char, std::char_traits<char>, std::allocator<char> >) (ppm.cpp:26)
       n1: 2097153 0x110E0F: PPM::Reader::operator()(std::__cxx11::basic_string<char, std::char_traits<char>, std::allocator<char> >) (ppm.cpp:107)
        n0: 2097153 0x10F2CB: main (blur_par.cpp:21)
 n1: 73728 0x4911371: ??? (in /usr/lib/x86_64-linux-gnu/libstdc++.so.6.0.32)
  n1: 73728 0x400647D: call_init.part.0 (dl-init.c:70)
   n1: 73728 0x4006567: call_init (dl-init.c:33)
    n1: 73728 0x4006567: _dl_init (dl-init.c:117)
     n1: 73728 0x40202C9: ??? (in /usr/lib/x86_64-linux-gnu/ld-linux-x86-64.so.2)
      n1: 73728 0x4: ???
       n1: 73728 0x1FFF00024E: ???
        n1: 73728 0x1FFF000259: ???
         n1: 73728 0x1FFF00025C: ???
          n1: 73728 0x1FFF000269: ???
           n0: 73728 0x1FFF000281: ???
 n0: 881 in 13 places, all below massif's threshold (1.00%)
#-----------
snapshot=50
#-----------
time=6100413
mem_heap_B=2171762
mem_heap_extra_B=110
mem_stacks_B=0
heap_tree=empty
#-----------
snapshot=51
#-----------
time=6112301
mem_heap_B=2172297
mem_heap_extra_B=111
mem_stacks_B=0
heap_tree=empty
#-----------
snapshot=52
#-----------
time=6120685
mem_heap_B=2172873
mem_heap_extra_B=111
mem_stacks_B=0
heap_tree=empty
#-----------
snapshot=53
#-----------
time=6128970
mem_heap_B=2171985
mem_heap_extra_B=87
mem_stacks_B=0
heap_tree=empty
#-----------
snapshot=54
#-----------
time=6138145
mem_heap_B=2172161
mem_heap_extra_B=111
mem_stacks_B=0
heap_tree=empty
#-----------
snapshot=55
#-----------
time=226385705
mem_heap_B=4234033
mem_heap_extra_B=79
mem_stacks_B=0
heap_tree=empty
#-----------
snapshot=56
#-----------
time=313047072
mem_heap_B=5781397
mem_heap_extra_B=115
mem_stacks_B=0
heap_tree=empty
#-----------
snapshot=57
#-----------
time=399708430
mem_heap_B=15812973
mem_heap_extra_B=3091
mem_stacks_B=0
heap_tree=empty
#-----------
snapshot=58
#-----------
time=1112853499
mem_heap_B=33814413
mem_heap_extra_B=9035
mem_stacks_B=0
heap_tree=empty
#-----------
snapshot=59
#-----------
time=1351274460
mem_heap_B=33814701
mem_heap_extra_B=9043
mem_stacks_B=0
heap_tree=detailed
n11: 33814701 (heap allocation functions) malloc/new/new[], --alloc-fns, etc.
 n1: 9000000 0x10FEE0: Matrix::Matrix(unsigned int) (matrix.cpp:33)
  n1: 9000000 0x13F563: Filter::blur(Matrix, int, int) (filters.cpp:130)
   n0: 9000000 0x10F40E: main (blur_par.cpp:25)
 n1: 9000000 0x10FEFA: Matrix::Matrix(unsigned int) (matrix.cpp:34)
  n1: 9000000 0x13F563: Filter::blur(Matrix, int, int) (filters.cpp:130)
   n0: 9000000 0x10F40E: main (blur_par.cpp:25)
 n1: 9000000 0x10FF15: Matrix::Matrix(unsigned int) (matrix.cpp:35)
  n1: 9000000 0x13F563: Filter::blur(Matrix, int, int) (filters.cpp:130)
   n0: 9000000 0x10F40E: main (blur_par.cpp:25)
 n1: 2097153 0x49B76D4: std::__cxx11::basic_string<char, std::char_traits<char>, std::allocator<char> >::reserve(unsigned long) (in /usr/lib/x86_64-linux-gnu/libstdc++.so.6.0.32)
  n1: 2097153 0x49AD7F6: std::__cxx11::basic_stringbuf<char, std::char_traits<char>, std::allocator<char> >::overflow(int) (in /usr/lib/x86_64-linux-gnu/libstdc++.so.6.0.32)
   n1: 2097153 0x49B580A: std::basic_streambuf<char, std::char_traits<char> >::xsputn(char const*, long) (in /usr/lib/x86_64-linux-gnu/libstdc++.so.6.0.32)
    n1: 2097153 0x49309A3: long std::__copy_streambufs_eof<char, std::char_traits<char> >(std::basic_streambuf<char, std::char_traits<char> >*, std::basic_streambuf<char, std::char_traits<char> >*, bool&) (in /usr/lib/x86_64-linux-gnu/libstdc++.so.6.0.32)
     n1: 2097153 0x112F97: __gnu_cxx::__enable_if<std::__is_char<char>::__value, std::ostreambuf_iterator<char, std::char_traits<char> > >::__type std::copy<char>(std::istreambuf_iterator<char, std::char_traits<char> >, std::istreambuf_iterator<char, std::char_traits<char> >, std::ostreambuf_iterator<char, std::char_traits<char> >) (streambuf_iterator.h:332)
      n1: 2097153 0x1106CF: PPM::Reader::fill(std::__cxx11::basic_string<char, std::char_traits<char>, std::allocator<char> >) (ppm.cpp:26)
       n1: 2097153 0x110E0F: PPM::Reader::operator()(std::__cxx11::basic_string<char, std::char_traits<char>, std::allocator<char> >) (ppm.cpp:107)
        n0: 2097153 0x10F2CB: main (blur_par.cpp:21)
 n2: 1031576 0x10FF72: Matrix::Matrix(Matrix const&) (matrix.cpp:43)
  n0: 515788 0x10F3EE: main (blur_par.cpp:25)
  n1: 515788 0x13F525: Filter::blur(Matrix, int, int) (filters.cpp:126)
   n0: 515788 0x10F40E: main (blur_par.cpp:25)
 n2: 1031576 0x10FF97: Matrix::Matrix(Matrix const&) (matrix.cpp:44)
  n0: 515788 0x10F3EE: main (blur_par.cpp:25)
  n1: 515788 0x13F525: Filter::blur(Matrix, int, int) (filters.cpp:126)
   n0: 515788 0x10F40E: main (blur_par.cpp:25)
 n2: 1031576 0x10FFBD: Matrix::Matrix(Matrix const&) (matrix.cpp:45)
  n0: 515788 0x10F3EE: main (blur_par.cpp:25)
  n1: 515788 0x13F525: Filter::blur(Matrix, int, int) (filters.cpp:126)
   n0: 515788 0x10F40E: main (blur_par.cpp:25)
 n1: 515788 0x110BFF: PPM::Reader::get_data(unsigned int, unsigned int) (ppm.cpp:83)
  n1: 515788 0x1110E7: PPM::Reader::operator()(std::__cxx11::basic_string<char, std::char_traits<char>, std::allocator<char> >) (ppm.cpp:137)
   n0: 515788 0x10F2CB: main (blur_par.cpp:21)
 n1: 515788 0x110C0E: PPM::Reader::get_data(unsigned int, unsigned int) (ppm.cpp:83)
  n1: 515788 0x1110E7: PPM::Reader::operator()(std::__cxx11::basic_string<char, std::char_traits<char>, std::allocator<char> >) (ppm.cpp:137)
   n0: 515788 0x10F2CB: main (blur_par.cpp:21)
 n1: 515788 0x110C1D: PPM::Reader::get_data(unsigned int, unsigned int) (ppm.cpp:83)
  n1: 515788 0x1110E7: PPM::Reader::operator()(std::__cxx11::basic_string<char, std::char_traits<char>, std::allocator<char> >) (ppm.cpp:137)
   n0: 515788 0x10F2CB: main (blur_par.cpp:21)
 n0: 75456 in 15 places, all below massif's threshold (1.00%)
#-----------
snapshot=60
#-----------
time=1639288459
mem_heap_B=33814989
mem_heap_extra_B=9051
mem_stacks_B=0
heap_tree=empty
#-----------
snapshot=61
#-----------
time=1877709419
mem_heap_B=33815277
mem_heap_extra_B=9059
mem_stacks_B=0
heap_tree=empty
#-----------
snapshot=62
#-----------
time=2294664403
mem_heap_B=33815277
mem_heap_extra_B=9059
mem_stacks_B=0
heap_tree=peak
n11: 33815277 (heap allocation functions) malloc/new/new[], --alloc-fns, etc.
 n1: 9000000 0x10FEE0: Matrix::Matrix(unsigned int) (matrix.cpp:33)
  n1: 9000000 0x13F563: Filter::blur(Matrix, int, int) (filters.cpp:130)
   n0: 9000000 0x10F40E: main (blur_par.cpp:25)
 n1: 9000000 0x10FEFA: Matrix::Matrix(unsigned int) (matrix.cpp:34)
  n1: 9000000 0x13F563: Filter::blur(Matrix, int, int) (filters.cpp:130)
   n0: 9000000 0x10F40E: main (blur_par.cpp:25)
 n1: 9000000 0x10FF15: Matrix::Matrix(unsigned int) (matrix.cpp:35)
  n1: 9000000 0x13F563: Filter::blur(Matrix, int, int) (filters.cpp:130)
   n0: 9000000 0x10F40E: main (blur_par.cpp:25)
 n1: 2097153 0x49B76D4: std::__cxx11::basic_string<char, std::char_traits<char>, std::allocator<char> >::reserve(unsigned long) (in /usr/lib/x86_64-linux-gnu/libstdc++.so.6.0.32)
  n1: 2097153 0x49AD7F6: std::__cxx11::basic_stringbuf<char, std::char_traits<char>, std::allocator<char> >::overflow(int) (in /usr/lib/x86_64-linux-gnu/libstdc++.so.6.0.32)
   n1: 2097153 0x49B580A: std::basic_streambuf<char, std::char_traits<char> >::xsputn(char const*, long) (in /usr/lib/x86_64-linux-gnu/libstdc++.so.6.0.32)
    n1: 2097153 0x49309A3: long std::__copy_streambufs_eof<char, std::char_traits<char> >(std::basic_streambuf<char, std::char_traits<char> >*, std::basic_streambuf<char, std::char_traits<char> >*, bool&) (in /usr/lib/x86_64-linux-gnu/libstdc++.so.6.0.32)
     n1: 2097153 0x112F97: __gnu_cxx::__enable_if<std::__is_char<char>::__value, std::ostreambuf_iterator<char, std::char_traits<char> > >::__type std::copy<char>(std::istreambuf_iterator<char, std::char_traits<char> >, std::istreambuf_iterator<char, std::char_traits<char> >, std::ostreambuf_iterator<char, std::char_traits<char> >) (streambuf_iterator.h:332)
      n1: 2097153 0x1106CF: PPM::Reader::fill(std::__cxx11::basic_string<char, std::char_traits<char>, std::allocator<char> >) (ppm.cpp:26)
       n1: 2097153 0x110E0F: PPM::Reader::operator()(std::__cxx11::basic_string<char, std::char_traits<char>, std::allocator<char> >) (ppm.cpp:107)
        n0: 2097153 0x10F2CB: main (blur_par.cpp:21)
 n2: 1031576 0x10FF72: Matrix::Matrix(Matrix const&) (matrix.cpp:43)
  n0: 515788 0x10F3EE: main (blur_par.cpp:25)
  n1: 515788 0x13F525: Filter::blur(Matrix, int, int) (filters.cpp:126)
   n0: 515788 0x10F40E: main (blur_par.cpp:25)
 n2: 1031576 0x10FF97: Matrix::Matrix(Matrix const&) (matrix.cpp:44)
  n0: 515788 0x10F3EE: main (blur_par.cpp:25)
  n1: 515788 0x13F525: Filter::blur(Matrix, int, int) (filters.cpp:126)
   n0: 515788 0x10F40E: main (blur_par.cpp:25)
 n2: 1031576 0x10FFBD: Matrix::Matrix(Matrix const&) (matrix.cpp:45)
  n0: 515788 0x10F3EE: main (blur_par.cpp:25)
  n1: 515788 0x13F525: Filter::blur(Matrix, int, int) (filters.cpp:126)
   n0: 515788 0x10F40E: main (blur_par.cpp:25)
 n1: 515788 0x110BFF: PPM::Reader::get_data(unsigned int, unsigned int) (ppm.cpp:83)
  n1: 515788 0x1110E7: PPM::Reader::operator()(std::__cxx11::basic_string<char, std::char_traits<char>, std::allocator<char> >) (ppm.cpp:137)
   n0: 515788 0x10F2CB: main (blur_par.cpp:21)
 n1: 515788 0x110C0E: PPM::Reader::get_data(unsigned int, unsigned int) (ppm.cpp:83)
  n1: 515788 0x1110E7: PPM::Reader::operator()(std::__cxx11::basic_string<char, std::char_traits<char>, std::allocator<char> >) (ppm.cpp:137)
   n0: 515788 0x10F2CB: main (blur_par.cpp:21)
 n1: 515788 0x110C1D: PPM::Reader::get_data(unsigned int, unsigned int) (ppm.cpp:83)
  n1: 515788 0x1110E7: PPM::Reader::operator()(std::__cxx11::basic_string<char, std::char_traits<char>, std::allocator<char> >) (ppm.cpp:137)
   n0: 515788 0x10F2CB: main (blur_par.cpp:21)
 n0: 76032 in 15 places, all below massif's threshold (1.00%)
#-----------
snapshot=63
#-----------
time=2889972624
mem_heap_B=33814413
mem_heap_extra_B=9035
mem_stacks_B=0
heap_tree=empty
#-----------
snapshot=64
#-----------
time=2898734924
mem_heap_B=33814701
mem_heap_extra_B=9043
mem_stacks_B=0
heap_tree=empty
#-----------
snapshot=65
#-----------
time=3139436845
mem_heap_B=33814989
mem_heap_extra_B=9051
mem_stacks_B=0
heap_tree=empty
#-----------
snapshot=66
#-----------
time=3380138765
mem_heap_B=33815277
mem_heap_extra_B=9059
mem_stacks_B=0
heap_tree=empty
#-----------
snapshot=67
#-----------
time=4191687171
mem_heap_B=33814989
mem_heap_extra_B=9051
mem_stacks_B=0
heap_tree=empty
#-----------
snapshot=68
#-----------
time=4278351142
mem_heap_B=6814621
mem_heap_extra_B=203
mem_stacks_B=0
heap_tree=empty
#-----------
snapshot=69
#-----------
time=4293839777
mem_heap_B=6814621
mem_heap_extra_B=203
mem_stacks_B=0
heap_tree=empty
#-----------
snapshot=70
#-----------
time=4293854062
mem_heap_B=1152
mem_heap_extra_B=32
mem_stacks_B=0
heap_tree=empty
