desc: --massif-out-file=massif_out/massif_im2.out
cmd: ./blur_par 15 data/im2.ppm data_o/blur_im2_par.ppm 8
time_unit: i
#-----------
snapshot=0
#-----------
time=0
mem_heap_B=0
mem_heap_extra_B=0
mem_stacks_B=0
heap_tree=empty
#-----------
snapshot=1
#-----------
time=2504483
mem_heap_B=73728
mem_heap_extra_B=8
mem_stacks_B=0
heap_tree=empty
#-----------
snapshot=2
#-----------
time=2668797
mem_heap_B=475610
mem_heap_extra_B=78
mem_stacks_B=0
heap_tree=empty
#-----------
snapshot=3
#-----------
time=2815953
mem_heap_B=868826
mem_heap_extra_B=78
mem_stacks_B=0
heap_tree=empty
#-----------
snapshot=4
#-----------
time=3078335
mem_heap_B=868826
mem_heap_extra_B=78
mem_stacks_B=0
heap_tree=detailed
n3: 868826 (heap allocation functions) malloc/new/new[], --alloc-fns, etc.
 n1: 786434 0x49B76D4: std::__cxx11::basic_string<char, std::char_traits<char>, std::allocator<char> >::reserve(unsigned long) (in /usr/lib/x86_64-linux-gnu/libstdc++.so.6.0.32)
  n1: 786434 0x49AD7F6: std::__cxx11::basic_stringbuf<char, std::char_traits<char>, std::allocator<char> >::overflow(int) (in /usr/lib/x86_64-linux-gnu/libstdc++.so.6.0.32)
   n1: 786434 0x49B580A: std::basic_streambuf<char, std::char_traits<char> >::xsputn(char const*, long) (in /usr/lib/x86_64-linux-gnu/libstdc++.so.6.0.32)
    n1: 786434 0x49309A3: long std::__copy_streambufs_eof<char, std::char_traits<char> >(std::basic_streambuf<char, std::char_traits<char> >*, std::basic_streambuf<char, std::char_traits<char> >*, bool&) (in /usr/lib/x86_64-linux-gnu/libstdc++.so.6.0.32)
     n1: 786434 0x112F97: __gnu_cxx::__enable_if<std::__is_char<char>::__value, std::ostreambuf_iterator<char, std::char_traits<char> > >::__type std::copy<char>(std::istreambuf_iterator<char, std::char_traits<char> >, std::istreambuf_iterator<char, std::char_traits<char> >, std::ostreambuf_iterator<char, std::char_traits<char> >) (streambuf_iterator.h:332)
      n1: 786434 0x1106CF: PPM::Reader::fill(std::__cxx11::basic_string<char, std::char_traits<char>, std::allocator<char> >) (ppm.cpp:26)
       n1: 786434 0x110E0F: PPM::Reader::operator()(std::__cxx11::basic_string<char, std::char_traits<char>, std::allocator<char> >) (ppm.cpp:107)
        n0: 786434 0x10F2CB: main (blur_par.cpp:21)
 n1: 73728 0x4911371: ??? (in /usr/lib/x86_64-linux-gnu/libstdc++.so.6.0.32)
  n1: 73728 0x400647D: call_init.part.0 (dl-init.c:70)
   n1: 73728 0x4006567: call_init (dl-init.c:33)
    n1: 73728 0x4006567: _dl_init (dl-init.c:117)
     n1: 73728 0x40202C9: ??? (in /usr/lib/x86_64-linux-gnu/ld-linux-x86-64.so.2)
      n1: 73728 0x4: ???
       n1: 73728 0x1FFF00024E: ???
        n1: 73728 0x1FFF000259: ???
         n1: 73728 0x1FFF00025C: ???
          n1: 73728 0x1FFF000269: ???
           n0: 73728 0x1FFF000281: ???
 n0: 8664 in 2 places, all below massif's threshold (1.00%)
#-----------
snapshot=5
#-----------
time=3109829
mem_heap_B=1655258
mem_heap_extra_B=78
mem_stacks_B=0
heap_tree=empty
#-----------
snapshot=6
#-----------
time=3634339
mem_heap_B=1655258
mem_heap_extra_B=78
mem_stacks_B=0
heap_tree=detailed
n3: 1655258 (heap allocation functions) malloc/new/new[], --alloc-fns, etc.
 n1: 1572866 0x49B76D4: std::__cxx11::basic_string<char, std::char_traits<char>, std::allocator<char> >::reserve(unsigned long) (in /usr/lib/x86_64-linux-gnu/libstdc++.so.6.0.32)
  n1: 1572866 0x49AD7F6: std::__cxx11::basic_stringbuf<char, std::char_traits<char>, std::allocator<char> >::overflow(int) (in /usr/lib/x86_64-linux-gnu/libstdc++.so.6.0.32)
   n1: 1572866 0x49B580A: std::basic_streambuf<char, std::char_traits<char> >::xsputn(char const*, long) (in /usr/lib/x86_64-linux-gnu/libstdc++.so.6.0.32)
    n1: 1572866 0x49309A3: long std::__copy_streambufs_eof<char, std::char_traits<char> >(std::basic_streambuf<char, std::char_traits<char> >*, std::basic_streambuf<char, std::char_traits<char> >*, bool&) (in /usr/lib/x86_64-linux-gnu/libstdc++.so.6.0.32)
     n1: 1572866 0x112F97: __gnu_cxx::__enable_if<std::__is_char<char>::__value, std::ostreambuf_iterator<char, std::char_traits<char> > >::__type std::copy<char>(std::istreambuf_iterator<char, std::char_traits<char> >, std::istreambuf_iterator<char, std::char_traits<char> >, std::ostreambuf_iterator<char, std::char_traits<char> >) (streambuf_iterator.h:332)
      n1: 1572866 0x1106CF: PPM::Reader::fill(std::__cxx11::basic_string<char, std::char_traits<char>, std::allocator<char> >) (ppm.cpp:26)
       n1: 1572866 0x110E0F: PPM::Reader::operator()(std::__cxx11::basic_string<char, std::char_traits<char>, std::allocator<char> >) (ppm.cpp:107)
        n0: 1572866 0x10F2CB: main (blur_par.cpp:21)
 n1: 73728 0x4911371: ??? (in /usr/lib/x86_64-linux-gnu/libstdc++.so.6.0.32)
  n1: 73728 0x400647D: call_init.part.0 (dl-init.c:70)
   n1: 73728 0x4006567: call_init (dl-init.c:33)
    n1: 73728 0x4006567: _dl_init (dl-init.c:117)
     n1: 73728 0x40202C9: ??? (in /usr/lib/x86_64-linux-gnu/ld-linux-x86-64.so.2)
      n1: 73728 0x4: ???
       n1: 73728 0x1FFF00024E: ???
        n1: 73728 0x1FFF000259: ???
         n1: 73728 0x1FFF00025C: ???
          n1: 73728 0x1FFF000269: ???
           n0: 73728 0x1FFF000281: ???
 n0: 8664 in 2 places, all below massif's threshold (1.00%)
#-----------
snapshot=7
#-----------
time=3697171
mem_heap_B=3228122
mem_heap_extra_B=78
mem_stacks_B=0
heap_tree=empty
#-----------
snapshot=8
#-----------
time=3812960
mem_heap_B=2179545
mem_heap_extra_B=55
mem_stacks_B=0
heap_tree=empty
#-----------
snapshot=9
#-----------
time=3938444
mem_heap_B=6373850
mem_heap_extra_B=4094
mem_stacks_B=0
heap_tree=empty
#-----------
snapshot=10
#-----------
time=4169561
mem_heap_B=6373850
mem_heap_extra_B=4094
mem_stacks_B=0
heap_tree=detailed
n3: 6373850 (heap allocation functions) malloc/new/new[], --alloc-fns, etc.
 n1: 6291458 0x49B76D4: std::__cxx11::basic_string<char, std::char_traits<char>, std::allocator<char> >::reserve(unsigned long) (in /usr/lib/x86_64-linux-gnu/libstdc++.so.6.0.32)
  n1: 6291458 0x49AD7F6: std::__cxx11::basic_stringbuf<char, std::char_traits<char>, std::allocator<char> >::overflow(int) (in /usr/lib/x86_64-linux-gnu/libstdc++.so.6.0.32)
   n1: 6291458 0x49B580A: std::basic_streambuf<char, std::char_traits<char> >::xsputn(char const*, long) (in /usr/lib/x86_64-linux-gnu/libstdc++.so.6.0.32)
    n1: 6291458 0x49309A3: long std::__copy_streambufs_eof<char, std::char_traits<char> >(std::basic_streambuf<char, std::char_traits<char> >*, std::basic_streambuf<char, std::char_traits<char> >*, bool&) (in /usr/lib/x86_64-linux-gnu/libstdc++.so.6.0.32)
     n1: 6291458 0x112F97: __gnu_cxx::__enable_if<std::__is_char<char>::__value, std::ostreambuf_iterator<char, std::char_traits<char> > >::__type std::copy<char>(std::istreambuf_iterator<char, std::char_traits<char> >, std::istreambuf_iterator<char, std::char_traits<char> >, std::ostreambuf_iterator<char, std::char_traits<char> >) (streambuf_iterator.h:332)
      n1: 6291458 0x1106CF: PPM::Reader::fill(std::__cxx11::basic_string<char, std::char_traits<char>, std::allocator<char> >) (ppm.cpp:26)
       n1: 6291458 0x110E0F: PPM::Reader::operator()(std::__cxx11::basic_string<char, std::char_traits<char>, std::allocator<char> >) (ppm.cpp:107)
        n0: 6291458 0x10F2CB: main (blur_par.cpp:21)
 n1: 73728 0x4911371: ??? (in /usr/lib/x86_64-linux-gnu/libstdc++.so.6.0.32)
  n1: 73728 0x400647D: call_init.part.0 (dl-init.c:70)
   n1: 73728 0x4006567: call_init (dl-init.c:33)
    n1: 73728 0x4006567: _dl_init (dl-init.c:117)
     n1: 73728 0x40202C9: ??? (in /usr/lib/x86_64-linux-gnu/ld-linux-x86-64.so.2)
      n1: 73728 0x4: ???
       n1: 73728 0x1FFF00024E: ???
        n1: 73728 0x1FFF000259: ???
         n1: 73728 0x1FFF00025C: ???
          n1: 73728 0x1FFF000269: ???
           n0: 73728 0x1FFF000281: ???
 n0: 8664 in 2 places, all below massif's threshold (1.00%)
#-----------
snapshot=11
#-----------
time=4298624
mem_heap_B=4268505
mem_heap_extra_B=4063
mem_stacks_B=0
heap_tree=empty
#-----------
snapshot=12
#-----------
time=4455029
mem_heap_B=4268914
mem_heap_extra_B=4126
mem_stacks_B=0
heap_tree=empty
#-----------
snapshot=13
#-----------
time=4547159
mem_heap_B=4268914
mem_heap_extra_B=4126
mem_stacks_B=0
heap_tree=empty
#-----------
snapshot=14
#-----------
time=4675049
mem_heap_B=4268914
mem_heap_extra_B=4126
mem_stacks_B=0
heap_tree=empty
#-----------
snapshot=15
#-----------
time=4817149
mem_heap_B=4268914
mem_heap_extra_B=4126
mem_stacks_B=0
heap_tree=empty
#-----------
snapshot=16
#-----------
time=4925145
mem_heap_B=4268914
mem_heap_extra_B=4126
mem_stacks_B=0
heap_tree=empty
#-----------
snapshot=17
#-----------
time=5008621
mem_heap_B=4268914
mem_heap_extra_B=4126
mem_stacks_B=0
heap_tree=empty
#-----------
snapshot=18
#-----------
time=5131622
mem_heap_B=4269641
mem_heap_extra_B=4119
mem_stacks_B=0
heap_tree=empty
#-----------
snapshot=19
#-----------
time=5209542
mem_heap_B=4269641
mem_heap_extra_B=4119
mem_stacks_B=0
heap_tree=empty
#-----------
snapshot=20
#-----------
time=5351642
mem_heap_B=4269641
mem_heap_extra_B=4119
mem_stacks_B=0
heap_tree=empty
#-----------
snapshot=21
#-----------
time=5493742
mem_heap_B=4269641
mem_heap_extra_B=4119
mem_stacks_B=0
heap_tree=empty
#-----------
snapshot=22
#-----------
time=5635842
mem_heap_B=4269641
mem_heap_extra_B=4119
mem_stacks_B=0
heap_tree=empty
#-----------
snapshot=23
#-----------
time=5812592
mem_heap_B=4268713
mem_heap_extra_B=4103
mem_stacks_B=0
heap_tree=empty
#-----------
snapshot=24
#-----------
time=5925147
mem_heap_B=4268914
mem_heap_extra_B=4126
mem_stacks_B=0
heap_tree=empty
#-----------
snapshot=25
#-----------
time=6039103
mem_heap_B=4268914
mem_heap_extra_B=4126
mem_stacks_B=0
heap_tree=empty
#-----------
snapshot=26
#-----------
time=6181403
mem_heap_B=4268914
mem_heap_extra_B=4126
mem_stacks_B=0
heap_tree=empty
#-----------
snapshot=27
#-----------
time=6323703
mem_heap_B=4268914
mem_heap_extra_B=4126
mem_stacks_B=0
heap_tree=empty
#-----------
snapshot=28
#-----------
time=6466003
mem_heap_B=4268914
mem_heap_extra_B=4126
mem_stacks_B=0
heap_tree=empty
#-----------
snapshot=29
#-----------
time=6565105
mem_heap_B=7413761
mem_heap_extra_B=4071
mem_stacks_B=0
heap_tree=empty
#-----------
snapshot=30
#-----------
time=454308691
mem_heap_B=8462337
mem_heap_extra_B=4079
mem_stacks_B=0
heap_tree=empty
#-----------
snapshot=31
#-----------
time=454308779
mem_heap_B=10559489
mem_heap_extra_B=4095
mem_stacks_B=0
heap_tree=empty
#-----------
snapshot=32
#-----------
time=630482966
mem_heap_B=11608065
mem_heap_extra_B=4103
mem_stacks_B=0
heap_tree=empty
#-----------
snapshot=33
#-----------
time=630483054
mem_heap_B=13705217
mem_heap_extra_B=4119
mem_stacks_B=0
heap_tree=empty
#-----------
snapshot=34
#-----------
time=806657232
mem_heap_B=22705217
mem_heap_extra_B=7071
mem_stacks_B=0
heap_tree=empty
#-----------
snapshot=35
#-----------
time=806662407
mem_heap_B=40705793
mem_heap_extra_B=12991
mem_stacks_B=0
heap_tree=empty
#-----------
snapshot=36
#-----------
time=1340718933
mem_heap_B=40706081
mem_heap_extra_B=12999
mem_stacks_B=0
heap_tree=detailed
n11: 40706081 (heap allocation functions) malloc/new/new[], --alloc-fns, etc.
 n1: 9000000 0x10FEE0: Matrix::Matrix(unsigned int) (matrix.cpp:33)
  n1: 9000000 0x13F563: Filter::blur(Matrix, int, int) (filters.cpp:130)
   n0: 9000000 0x10F40E: main (blur_par.cpp:25)
 n1: 9000000 0x10FEFA: Matrix::Matrix(unsigned int) (matrix.cpp:34)
  n1: 9000000 0x13F563: Filter::blur(Matrix, int, int) (filters.cpp:130)
   n0: 9000000 0x10F40E: main (blur_par.cpp:25)
 n1: 9000000 0x10FF15: Matrix::Matrix(unsigned int) (matrix.cpp:35)
  n1: 9000000 0x13F563: Filter::blur(Matrix, int, int) (filters.cpp:130)
   n0: 9000000 0x10F40E: main (blur_par.cpp:25)
 n1: 4194305 0x49B76D4: std::__cxx11::basic_string<char, std::char_traits<char>, std::allocator<char> >::reserve(unsigned long) (in /usr/lib/x86_64-linux-gnu/libstdc++.so.6.0.32)
  n1: 4194305 0x49AD7F6: std::__cxx11::basic_stringbuf<char, std::char_traits<char>, std::allocator<char> >::overflow(int) (in /usr/lib/x86_64-linux-gnu/libstdc++.so.6.0.32)
   n1: 4194305 0x49B580A: std::basic_streambuf<char, std::char_traits<char> >::xsputn(char const*, long) (in /usr/lib/x86_64-linux-gnu/libstdc++.so.6.0.32)
    n1: 4194305 0x49309A3: long std::__copy_streambufs_eof<char, std::char_traits<char> >(std::basic_streambuf<char, std::char_traits<char> >*, std::basic_streambuf<char, std::char_traits<char> >*, bool&) (in /usr/lib/x86_64-linux-gnu/libstdc++.so.6.0.32)
     n1: 4194305 0x112F97: __gnu_cxx::__enable_if<std::__is_char<char>::__value, std::ostreambuf_iterator<char, std::char_traits<char> > >::__type std::copy<char>(std::istreambuf_iterator<char, std::char_traits<char> >, std::istreambuf_iterator<char, std::char_traits<char> >, std::ostreambuf_iterator<char, std::char_traits<char> >) (streambuf_iterator.h:332)
      n1: 4194305 0x1106CF: PPM::Reader::fill(std::__cxx11::basic_string<char, std::char_traits<char>, std::allocator<char> >) (ppm.cpp:26)
       n1: 4194305 0x110E0F: PPM::Reader::operator()(std::__cxx11::basic_string<char, std::char_traits<char>, std::allocator<char> >) (ppm.cpp:107)
        n0: 4194305 0x10F2CB: main (blur_par.cpp:21)
 n2: 2097152 0x10FF72: Matrix::Matrix(Matrix const&) (matrix.cpp:43)
  n0: 1048576 0x10F3EE: main (blur_par.cpp:25)
  n1: 1048576 0x13F525: Filter::blur(Matrix, int, int) (filters.cpp:126)
   n0: 1048576 0x10F40E: main (blur_par.cpp:25)
 n2: 2097152 0x10FF97: Matrix::Matrix(Matrix const&) (matrix.cpp:44)
  n0: 1048576 0x10F3EE: main (blur_par.cpp:25)
  n1: 1048576 0x13F525: Filter::blur(Matrix, int, int) (filters.cpp:126)
   n0: 1048576 0x10F40E: main (blur_par.cpp:25)
 n2: 2097152 0x10FFBD: Matrix::Matrix(Matrix const&) (matrix.cpp:45)
  n0: 1048576 0x10F3EE: main (blur_par.cpp:25)
  n1: 1048576 0x13F525: Filter::blur(Matrix, int, int) (filters.cpp:126)
   n0: 1048576 0x10F40E: main (blur_par.cpp:25)
 n1: 1048576 0x110BFF: PPM::Reader::get_data(unsigned int, unsigned int) (ppm.cpp:83)
  n1: 1048576 0x1110E7: PPM::Reader::operator()(std::__cxx11::basic_string<char, std::char_traits<char>, std::allocator<char> >) (ppm.cpp:137)
   n0: 1048576 0x10F2CB: main (blur_par.cpp:21)
 n1: 1048576 0x110C0E: PPM::Reader::get_data(unsigned int, unsigned int) (ppm.cpp:83)
  n1: 1048576 0x1110E7: PPM::Reader::operator()(std::__cxx11::basic_string<char, std::char_traits<char>, std::allocator<char> >) (ppm.cpp:137)
   n0: 1048576 0x10F2CB: main (blur_par.cpp:21)
 n1: 1048576 0x110C1D: PPM::Reader::get_data(unsigned int, unsigned int) (ppm.cpp:83)
  n1: 1048576 0x1110E7: PPM::Reader::operator()(std::__cxx11::basic_string<char, std::char_traits<char>, std::allocator<char> >) (ppm.cpp:137)
   n0: 1048576 0x10F2CB: main (blur_par.cpp:21)
 n0: 74592 in 14 places, all below massif's threshold (1.00%)
#-----------
snapshot=37
#-----------
time=1701257644
mem_heap_B=40706369
mem_heap_extra_B=13007
mem_stacks_B=0
heap_tree=empty
#-----------
snapshot=38
#-----------
time=1701258689
mem_heap_B=40706657
mem_heap_extra_B=13015
mem_stacks_B=0
heap_tree=empty
#-----------
snapshot=39
#-----------
time=2556576987
mem_heap_B=40706945
mem_heap_extra_B=13023
mem_stacks_B=0
heap_tree=empty
#-----------
snapshot=40
#-----------
time=2597435693
mem_heap_B=40707233
mem_heap_extra_B=13031
mem_stacks_B=0
heap_tree=empty
#-----------
snapshot=41
#-----------
time=3080543533
mem_heap_B=40707521
mem_heap_extra_B=13039
mem_stacks_B=0
heap_tree=empty
#-----------
snapshot=42
#-----------
time=4671526012
mem_heap_B=40707521
mem_heap_extra_B=13039
mem_stacks_B=0
heap_tree=peak
n11: 40707521 (heap allocation functions) malloc/new/new[], --alloc-fns, etc.
 n1: 9000000 0x10FEE0: Matrix::Matrix(unsigned int) (matrix.cpp:33)
  n1: 9000000 0x13F563: Filter::blur(Matrix, int, int) (filters.cpp:130)
   n0: 9000000 0x10F40E: main (blur_par.cpp:25)
 n1: 9000000 0x10FEFA: Matrix::Matrix(unsigned int) (matrix.cpp:34)
  n1: 9000000 0x13F563: Filter::blur(Matrix, int, int) (filters.cpp:130)
   n0: 9000000 0x10F40E: main (blur_par.cpp:25)
 n1: 9000000 0x10FF15: Matrix::Matrix(unsigned int) (matrix.cpp:35)
  n1: 9000000 0x13F563: Filter::blur(Matrix, int, int) (filters.cpp:130)
   n0: 9000000 0x10F40E: main (blur_par.cpp:25)
 n1: 4194305 0x49B76D4: std::__cxx11::basic_string<char, std::char_traits<char>, std::allocator<char> >::reserve(unsigned long) (in /usr/lib/x86_64-linux-gnu/libstdc++.so.6.0.32)
  n1: 4194305 0x49AD7F6: std::__cxx11::basic_stringbuf<char, std::char_traits<char>, std::allocator<char> >::overflow(int) (in /usr/lib/x86_64-linux-gnu/libstdc++.so.6.0.32)
   n1: 4194305 0x49B580A: std::basic_streambuf<char, std::char_traits<char> >::xsputn(char const*, long) (in /usr/lib/x86_64-linux-gnu/libstdc++.so.6.0.32)
    n1: 4194305 0x49309A3: long std::__copy_streambufs_eof<char, std::char_traits<char> >(std::basic_streambuf<char, std::char_traits<char> >*, std::basic_streambuf<char, std::char_traits<char> >*, bool&) (in /usr/lib/x86_64-linux-gnu/libstdc++.so.6.0.32)
     n1: 4194305 0x112F97: __gnu_cxx::__enable_if<std::__is_char<char>::__value, std::ostreambuf_iterator<char, std::char_traits<char> > >::__type std::copy<char>(std::istreambuf_iterator<char, std::char_traits<char> >, std::istreambuf_iterator<char, std::char_traits<char> >, std::ostreambuf_iterator<char, std::char_traits<char> >) (streambuf_iterator.h:332)
      n1: 4194305 0x1106CF: PPM::Reader::fill(std::__cxx11::basic_string<char, std::char_traits<char>, std::allocator<char> >) (ppm.cpp:26)
       n1: 4194305 0x110E0F: PPM::Reader::operator()(std::__cxx11::basic_string<char, std::char_traits<char>, std::allocator<char> >) (ppm.cpp:107)
        n0: 4194305 0x10F2CB: main (blur_par.cpp:21)
 n2: 2097152 0x10FF72: Matrix::Matrix(Matrix const&) (matrix.cpp:43)
  n0: 1048576 0x10F3EE: main (blur_par.cpp:25)
  n1: 1048576 0x13F525: Filter::blur(Matrix, int, int) (filters.cpp:126)
   n0: 1048576 0x10F40E: main (blur_par.cpp:25)
 n2: 2097152 0x10FF97: Matrix::Matrix(Matrix const&) (matrix.cpp:44)
  n0: 1048576 0x10F3EE: main (blur_par.cpp:25)
  n1: 1048576 0x13F525: Filter::blur(Matrix, int, int) (filters.cpp:126)
   n0: 1048576 0x10F40E: main (blur_par.cpp:25)
 n2: 2097152 0x10FFBD: Matrix::Matrix(Matrix const&) (matrix.cpp:45)
  n0: 1048576 0x10F3EE: main (blur_par.cpp:25)
  n1: 1048576 0x13F525: Filter::blur(Matrix, int, int) (filters.cpp:126)
   n0: 1048576 0x10F40E: main (blur_par.cpp:25)
 n1: 1048576 0x110BFF: PPM::Reader::get_data(unsigned int, unsigned int) (ppm.cpp:83)
  n1: 1048576 0x1110E7: PPM::Reader::operator()(std::__cxx11::basic_string<char, std::char_traits<char>, std::allocator<char> >) (ppm.cpp:137)
   n0: 1048576 0x10F2CB: main (blur_par.cpp:21)
 n1: 1048576 0x110C0E: PPM::Reader::get_data(unsigned int, unsigned int) (ppm.cpp:83)
  n1: 1048576 0x1110E7: PPM::Reader::operator()(std::__cxx11::basic_string<char, std::char_traits<char>, std::allocator<char> >) (ppm.cpp:137)
   n0: 1048576 0x10F2CB: main (blur_par.cpp:21)
 n1: 1048576 0x110C1D: PPM::Reader::get_data(unsigned int, unsigned int) (ppm.cpp:83)
  n1: 1048576 0x1110E7: PPM::Reader::operator()(std::__cxx11::basic_string<char, std::char_traits<char>, std::allocator<char> >) (ppm.cpp:137)
   n0: 1048576 0x10F2CB: main (blur_par.cpp:21)
 n0: 76032 in 14 places, all below massif's threshold (1.00%)
#-----------
snapshot=43
#-----------
time=4671527788
mem_heap_B=40706369
mem_heap_extra_B=13007
mem_stacks_B=0
heap_tree=empty
#-----------
snapshot=44
#-----------
time=5797216289
mem_heap_B=40706657
mem_heap_extra_B=13015
mem_stacks_B=0
heap_tree=empty
#-----------
snapshot=45
#-----------
time=5797217334
mem_heap_B=40706945
mem_heap_extra_B=13023
mem_stacks_B=0
heap_tree=empty
#-----------
snapshot=46
#-----------
time=6039616348
mem_heap_B=40707233
mem_heap_extra_B=13031
mem_stacks_B=0
heap_tree=empty
#-----------
snapshot=47
#-----------
time=6956641640
mem_heap_B=40707521
mem_heap_extra_B=13039
mem_stacks_B=0
heap_tree=empty
#-----------
snapshot=48
#-----------
time=8536394467
mem_heap_B=40707233
mem_heap_extra_B=13031
mem_stacks_B=0
heap_tree=empty
#-----------
snapshot=49
#-----------
time=8536396991
mem_heap_B=12657817
mem_heap_extra_B=4159
mem_stacks_B=0
heap_tree=empty
#-----------
snapshot=50
#-----------
time=8712571346
mem_heap_B=13706865
mem_heap_extra_B=4183
mem_stacks_B=0
heap_tree=empty
#-----------
snapshot=51
#-----------
time=8712572240
mem_heap_B=13710961
mem_heap_extra_B=4191
mem_stacks_B=0
heap_tree=empty
#-----------
snapshot=52
#-----------
time=8744055294
mem_heap_B=13706865
mem_heap_extra_B=4183
mem_stacks_B=0
heap_tree=empty
#-----------
snapshot=53
#-----------
time=8744055424
mem_heap_B=13706393
mem_heap_extra_B=4167
mem_stacks_B=0
heap_tree=empty
#-----------
snapshot=54
#-----------
time=8744055526
mem_heap_B=11609241
mem_heap_extra_B=4151
mem_stacks_B=0
heap_tree=empty
#-----------
snapshot=55
#-----------
time=8744055623
mem_heap_B=10560641
mem_heap_extra_B=4127
mem_stacks_B=0
heap_tree=empty
#-----------
snapshot=56
#-----------
time=8744055721
mem_heap_B=8463489
mem_heap_extra_B=4111
mem_stacks_B=0
heap_tree=empty
#-----------
snapshot=57
#-----------
time=8744055826
mem_heap_B=6366337
mem_heap_extra_B=4095
mem_stacks_B=0
heap_tree=empty
#-----------
snapshot=58
#-----------
time=8744055986
mem_heap_B=74880
mem_heap_extra_B=40
mem_stacks_B=0
heap_tree=detailed
n3: 74880 (heap allocation functions) malloc/new/new[], --alloc-fns, etc.
 n1: 73728 0x4911371: ??? (in /usr/lib/x86_64-linux-gnu/libstdc++.so.6.0.32)
  n1: 73728 0x400647D: call_init.part.0 (dl-init.c:70)
   n1: 73728 0x4006567: call_init (dl-init.c:33)
    n1: 73728 0x4006567: _dl_init (dl-init.c:117)
     n1: 73728 0x40202C9: ??? (in /usr/lib/x86_64-linux-gnu/ld-linux-x86-64.so.2)
      n1: 73728 0x4: ???
       n1: 73728 0x1FFF00024E: ???
        n1: 73728 0x1FFF000259: ???
         n1: 73728 0x1FFF00025C: ???
          n1: 73728 0x1FFF000269: ???
           n0: 73728 0x1FFF000281: ???
 n1: 1152 0x40147D9: calloc (rtld-malloc.h:44)
  n1: 1152 0x40147D9: allocate_dtv (dl-tls.c:375)
   n1: 1152 0x40147D9: _dl_allocate_tls (dl-tls.c:634)
    n1: 1152 0x4C6B7B4: allocate_stack (allocatestack.c:430)
     n2: 1152 0x4C6B7B4: pthread_create@@GLIBC_2.34 (pthread_create.c:647)
      n1: 1152 0x13FC8F: Filter::blur(Matrix, int, int) (filters.cpp:154)
       n0: 1152 0x10F40E: main (blur_par.cpp:25)
      n0: 0 in 1 place, below massif's threshold (1.00%)
 n0: 0 in 24 places, all below massif's threshold (1.00%)
#-----------
snapshot=59
#-----------
time=8744069579
mem_heap_B=1152
mem_heap_extra_B=32
mem_stacks_B=0
heap_tree=empty
#-----------
snapshot=60
#-----------
time=8744072262
mem_heap_B=864
mem_heap_extra_B=24
mem_stacks_B=0
heap_tree=empty
#-----------
snapshot=61
#-----------
time=8744072684
mem_heap_B=576
mem_heap_extra_B=16
mem_stacks_B=0
heap_tree=empty
#-----------
snapshot=62
#-----------
time=8744073106
mem_heap_B=288
mem_heap_extra_B=8
mem_stacks_B=0
heap_tree=empty
#-----------
snapshot=63
#-----------
time=8744073528
mem_heap_B=0
mem_heap_extra_B=0
mem_stacks_B=0
heap_tree=empty
