desc: --massif-out-file=massif_out/massif_im4.out
cmd: ./blur_par 15 data/im4.ppm data_o/blur_im4_par.ppm 8
time_unit: i
#-----------
snapshot=0
#-----------
time=0
mem_heap_B=0
mem_heap_extra_B=0
mem_stacks_B=0
heap_tree=empty
#-----------
snapshot=1
#-----------
time=2504483
mem_heap_B=73728
mem_heap_extra_B=8
mem_stacks_B=0
heap_tree=empty
#-----------
snapshot=2
#-----------
time=2668797
mem_heap_B=475610
mem_heap_extra_B=78
mem_stacks_B=0
heap_tree=empty
#-----------
snapshot=3
#-----------
time=2815953
mem_heap_B=868826
mem_heap_extra_B=78
mem_stacks_B=0
heap_tree=empty
#-----------
snapshot=4
#-----------
time=3109829
mem_heap_B=1655258
mem_heap_extra_B=78
mem_stacks_B=0
heap_tree=empty
#-----------
snapshot=5
#-----------
time=3634339
mem_heap_B=1655258
mem_heap_extra_B=78
mem_stacks_B=0
heap_tree=detailed
n3: 1655258 (heap allocation functions) malloc/new/new[], --alloc-fns, etc.
 n1: 1572866 0x49B76D4: std::__cxx11::basic_string<char, std::char_traits<char>, std::allocator<char> >::reserve(unsigned long) (in /usr/lib/x86_64-linux-gnu/libstdc++.so.6.0.32)
  n1: 1572866 0x49AD7F6: std::__cxx11::basic_stringbuf<char, std::char_traits<char>, std::allocator<char> >::overflow(int) (in /usr/lib/x86_64-linux-gnu/libstdc++.so.6.0.32)
   n1: 1572866 0x49B580A: std::basic_streambuf<char, std::char_traits<char> >::xsputn(char const*, long) (in /usr/lib/x86_64-linux-gnu/libstdc++.so.6.0.32)
    n1: 1572866 0x49309A3: long std::__copy_streambufs_eof<char, std::char_traits<char> >(std::basic_streambuf<char, std::char_traits<char> >*, std::basic_streambuf<char, std::char_traits<char> >*, bool&) (in /usr/lib/x86_64-linux-gnu/libstdc++.so.6.0.32)
     n1: 1572866 0x112F97: __gnu_cxx::__enable_if<std::__is_char<char>::__value, std::ostreambuf_iterator<char, std::char_traits<char> > >::__type std::copy<char>(std::istreambuf_iterator<char, std::char_traits<char> >, std::istreambuf_iterator<char, std::char_traits<char> >, std::ostreambuf_iterator<char, std::char_traits<char> >) (streambuf_iterator.h:332)
      n1: 1572866 0x1106CF: PPM::Reader::fill(std::__cxx11::basic_string<char, std::char_traits<char>, std::allocator<char> >) (ppm.cpp:26)
       n1: 1572866 0x110E0F: PPM::Reader::operator()(std::__cxx11::basic_string<char, std::char_traits<char>, std::allocator<char> >) (ppm.cpp:107)
        n0: 1572866 0x10F2CB: main (blur_par.cpp:21)
 n1: 73728 0x4911371: ??? (in /usr/lib/x86_64-linux-gnu/libstdc++.so.6.0.32)
  n1: 73728 0x400647D: call_init.part.0 (dl-init.c:70)
   n1: 73728 0x4006567: call_init (dl-init.c:33)
    n1: 73728 0x4006567: _dl_init (dl-init.c:117)
     n1: 73728 0x40202C9: ??? (in /usr/lib/x86_64-linux-gnu/ld-linux-x86-64.so.2)
      n1: 73728 0x4: ???
       n1: 73728 0x1FFF00024E: ???
        n1: 73728 0x1FFF000259: ???
         n1: 73728 0x1FFF00025C: ???
          n1: 73728 0x1FFF000269: ???
           n0: 73728 0x1FFF000281: ???
 n0: 8664 in 2 places, all below massif's threshold (1.00%)
#-----------
snapshot=6
#-----------
time=3938444
mem_heap_B=6373850
mem_heap_extra_B=4094
mem_stacks_B=0
heap_tree=empty
#-----------
snapshot=7
#-----------
time=4169561
mem_heap_B=4276697
mem_heap_extra_B=4071
mem_stacks_B=0
heap_tree=empty
#-----------
snapshot=8
#-----------
time=4420392
mem_heap_B=12665306
mem_heap_extra_B=8110
mem_stacks_B=0
heap_tree=empty
#-----------
snapshot=9
#-----------
time=4882165
mem_heap_B=12665306
mem_heap_extra_B=8110
mem_stacks_B=0
heap_tree=detailed
n2: 12665306 (heap allocation functions) malloc/new/new[], --alloc-fns, etc.
 n1: 12582914 0x49B76D4: std::__cxx11::basic_string<char, std::char_traits<char>, std::allocator<char> >::reserve(unsigned long) (in /usr/lib/x86_64-linux-gnu/libstdc++.so.6.0.32)
  n1: 12582914 0x49AD7F6: std::__cxx11::basic_stringbuf<char, std::char_traits<char>, std::allocator<char> >::overflow(int) (in /usr/lib/x86_64-linux-gnu/libstdc++.so.6.0.32)
   n1: 12582914 0x49B580A: std::basic_streambuf<char, std::char_traits<char> >::xsputn(char const*, long) (in /usr/lib/x86_64-linux-gnu/libstdc++.so.6.0.32)
    n1: 12582914 0x49309A3: long std::__copy_streambufs_eof<char, std::char_traits<char> >(std::basic_streambuf<char, std::char_traits<char> >*, std::basic_streambuf<char, std::char_traits<char> >*, bool&) (in /usr/lib/x86_64-linux-gnu/libstdc++.so.6.0.32)
     n1: 12582914 0x112F97: __gnu_cxx::__enable_if<std::__is_char<char>::__value, std::ostreambuf_iterator<char, std::char_traits<char> > >::__type std::copy<char>(std::istreambuf_iterator<char, std::char_traits<char> >, std::istreambuf_iterator<char, std::char_traits<char> >, std::ostreambuf_iterator<char, std::char_traits<char> >) (streambuf_iterator.h:332)
      n1: 12582914 0x1106CF: PPM::Reader::fill(std::__cxx11::basic_string<char, std::char_traits<char>, std::allocator<char> >) (ppm.cpp:26)
       n1: 12582914 0x110E0F: PPM::Reader::operator()(std::__cxx11::basic_string<char, std::char_traits<char>, std::allocator<char> >) (ppm.cpp:107)
        n0: 12582914 0x10F2CB: main (blur_par.cpp:21)
 n0: 82392 in 3 places, all below massif's threshold (1.00%)
#-----------
snapshot=10
#-----------
time=4882165
mem_heap_B=8471001
mem_heap_extra_B=4071
mem_stacks_B=0
heap_tree=empty
#-----------
snapshot=11
#-----------
time=5383644
mem_heap_B=25248218
mem_heap_extra_B=8110
mem_stacks_B=0
heap_tree=empty
#-----------
snapshot=12
#-----------
time=6306729
mem_heap_B=25248218
mem_heap_extra_B=8110
mem_stacks_B=0
heap_tree=detailed
n2: 25248218 (heap allocation functions) malloc/new/new[], --alloc-fns, etc.
 n1: 25165826 0x49B76D4: std::__cxx11::basic_string<char, std::char_traits<char>, std::allocator<char> >::reserve(unsigned long) (in /usr/lib/x86_64-linux-gnu/libstdc++.so.6.0.32)
  n1: 25165826 0x49AD7F6: std::__cxx11::basic_stringbuf<char, std::char_traits<char>, std::allocator<char> >::overflow(int) (in /usr/lib/x86_64-linux-gnu/libstdc++.so.6.0.32)
   n1: 25165826 0x49B580A: std::basic_streambuf<char, std::char_traits<char> >::xsputn(char const*, long) (in /usr/lib/x86_64-linux-gnu/libstdc++.so.6.0.32)
    n1: 25165826 0x49309A3: long std::__copy_streambufs_eof<char, std::char_traits<char> >(std::basic_streambuf<char, std::char_traits<char> >*, std::basic_streambuf<char, std::char_traits<char> >*, bool&) (in /usr/lib/x86_64-linux-gnu/libstdc++.so.6.0.32)
     n1: 25165826 0x112F97: __gnu_cxx::__enable_if<std::__is_char<char>::__value, std::ostreambuf_iterator<char, std::char_traits<char> > >::__type std::copy<char>(std::istreambuf_iterator<char, std::char_traits<char> >, std::istreambuf_iterator<char, std::char_traits<char> >, std::ostreambuf_iterator<char, std::char_traits<char> >) (streambuf_iterator.h:332)
      n1: 25165826 0x1106CF: PPM::Reader::fill(std::__cxx11::basic_string<char, std::char_traits<char>, std::allocator<char> >) (ppm.cpp:26)
       n1: 25165826 0x110E0F: PPM::Reader::operator()(std::__cxx11::basic_string<char, std::char_traits<char>, std::allocator<char> >) (ppm.cpp:107)
        n0: 25165826 0x10F2CB: main (blur_par.cpp:21)
 n0: 82392 in 3 places, all below massif's threshold (1.00%)
#-----------
snapshot=13
#-----------
time=6306729
mem_heap_B=16859609
mem_heap_extra_B=4071
mem_stacks_B=0
heap_tree=empty
#-----------
snapshot=14
#-----------
time=7309504
mem_heap_B=50414042
mem_heap_extra_B=8110
mem_stacks_B=0
heap_tree=empty
#-----------
snapshot=15
#-----------
time=8757454
mem_heap_B=50414042
mem_heap_extra_B=8110
mem_stacks_B=0
heap_tree=detailed
n2: 50414042 (heap allocation functions) malloc/new/new[], --alloc-fns, etc.
 n1: 50331650 0x49B76D4: std::__cxx11::basic_string<char, std::char_traits<char>, std::allocator<char> >::reserve(unsigned long) (in /usr/lib/x86_64-linux-gnu/libstdc++.so.6.0.32)
  n1: 50331650 0x49AD7F6: std::__cxx11::basic_stringbuf<char, std::char_traits<char>, std::allocator<char> >::overflow(int) (in /usr/lib/x86_64-linux-gnu/libstdc++.so.6.0.32)
   n1: 50331650 0x49B580A: std::basic_streambuf<char, std::char_traits<char> >::xsputn(char const*, long) (in /usr/lib/x86_64-linux-gnu/libstdc++.so.6.0.32)
    n1: 50331650 0x49309A3: long std::__copy_streambufs_eof<char, std::char_traits<char> >(std::basic_streambuf<char, std::char_traits<char> >*, std::basic_streambuf<char, std::char_traits<char> >*, bool&) (in /usr/lib/x86_64-linux-gnu/libstdc++.so.6.0.32)
     n1: 50331650 0x112F97: __gnu_cxx::__enable_if<std::__is_char<char>::__value, std::ostreambuf_iterator<char, std::char_traits<char> > >::__type std::copy<char>(std::istreambuf_iterator<char, std::char_traits<char> >, std::istreambuf_iterator<char, std::char_traits<char> >, std::ostreambuf_iterator<char, std::char_traits<char> >) (streambuf_iterator.h:332)
      n1: 50331650 0x1106CF: PPM::Reader::fill(std::__cxx11::basic_string<char, std::char_traits<char>, std::allocator<char> >) (ppm.cpp:26)
       n1: 50331650 0x110E0F: PPM::Reader::operator()(std::__cxx11::basic_string<char, std::char_traits<char>, std::allocator<char> >) (ppm.cpp:107)
        n0: 50331650 0x10F2CB: main (blur_par.cpp:21)
 n0: 82392 in 3 places, all below massif's threshold (1.00%)
#-----------
snapshot=16
#-----------
time=8757454
mem_heap_B=33636825
mem_heap_extra_B=4071
mem_stacks_B=0
heap_tree=empty
#-----------
snapshot=17
#-----------
time=9983021
mem_heap_B=33628633
mem_heap_extra_B=4063
mem_stacks_B=0
heap_tree=empty
#-----------
snapshot=18
#-----------
time=10189760
mem_heap_B=33629044
mem_heap_extra_B=4148
mem_stacks_B=0
heap_tree=empty
#-----------
snapshot=19
#-----------
time=10473960
mem_heap_B=33629044
mem_heap_extra_B=4148
mem_stacks_B=0
heap_tree=empty
#-----------
snapshot=20
#-----------
time=10774977
mem_heap_B=33629770
mem_heap_extra_B=4142
mem_stacks_B=0
heap_tree=empty
#-----------
snapshot=21
#-----------
time=11030159
mem_heap_B=33629770
mem_heap_extra_B=4142
mem_stacks_B=0
heap_tree=empty
#-----------
snapshot=22
#-----------
time=11314359
mem_heap_B=33629770
mem_heap_extra_B=4142
mem_stacks_B=0
heap_tree=empty
#-----------
snapshot=23
#-----------
time=11532474
mem_heap_B=33629044
mem_heap_extra_B=4148
mem_stacks_B=0
heap_tree=empty
#-----------
snapshot=24
#-----------
time=11681644
mem_heap_B=33629044
mem_heap_extra_B=4148
mem_stacks_B=0
heap_tree=empty
#-----------
snapshot=25
#-----------
time=11895094
mem_heap_B=33629044
mem_heap_extra_B=4148
mem_stacks_B=0
heap_tree=empty
#-----------
snapshot=26
#-----------
time=12108544
mem_heap_B=33629044
mem_heap_extra_B=4148
mem_stacks_B=0
heap_tree=empty
#-----------
snapshot=27
#-----------
time=12249502
mem_heap_B=60628161
mem_heap_extra_B=12903
mem_stacks_B=0
heap_tree=empty
#-----------
snapshot=28
#-----------
time=3855251136
mem_heap_B=69628161
mem_heap_extra_B=15855
mem_stacks_B=0
heap_tree=empty
#-----------
snapshot=29
#-----------
time=3855251224
mem_heap_B=87628161
mem_heap_extra_B=21759
mem_stacks_B=0
heap_tree=empty
#-----------
snapshot=30
#-----------
time=5367290331
mem_heap_B=96628161
mem_heap_extra_B=24711
mem_stacks_B=0
heap_tree=empty
#-----------
snapshot=31
#-----------
time=5367290419
mem_heap_B=114628161
mem_heap_extra_B=30615
mem_stacks_B=0
heap_tree=empty
#-----------
snapshot=32
#-----------
time=6879329517
mem_heap_B=123628161
mem_heap_extra_B=33567
mem_stacks_B=0
heap_tree=empty
#-----------
snapshot=33
#-----------
time=6879334692
mem_heap_B=141628737
mem_heap_extra_B=39487
mem_stacks_B=0
heap_tree=empty
#-----------
snapshot=34
#-----------
time=7115835618
mem_heap_B=141629025
mem_heap_extra_B=39495
mem_stacks_B=0
heap_tree=detailed
n11: 141629025 (heap allocation functions) malloc/new/new[], --alloc-fns, etc.
 n1: 33554433 0x49B76D4: std::__cxx11::basic_string<char, std::char_traits<char>, std::allocator<char> >::reserve(unsigned long) (in /usr/lib/x86_64-linux-gnu/libstdc++.so.6.0.32)
  n1: 33554433 0x49AD7F6: std::__cxx11::basic_stringbuf<char, std::char_traits<char>, std::allocator<char> >::overflow(int) (in /usr/lib/x86_64-linux-gnu/libstdc++.so.6.0.32)
   n1: 33554433 0x49B580A: std::basic_streambuf<char, std::char_traits<char> >::xsputn(char const*, long) (in /usr/lib/x86_64-linux-gnu/libstdc++.so.6.0.32)
    n1: 33554433 0x49309A3: long std::__copy_streambufs_eof<char, std::char_traits<char> >(std::basic_streambuf<char, std::char_traits<char> >*, std::basic_streambuf<char, std::char_traits<char> >*, bool&) (in /usr/lib/x86_64-linux-gnu/libstdc++.so.6.0.32)
     n1: 33554433 0x112F97: __gnu_cxx::__enable_if<std::__is_char<char>::__value, std::ostreambuf_iterator<char, std::char_traits<char> > >::__type std::copy<char>(std::istreambuf_iterator<char, std::char_traits<char> >, std::istreambuf_iterator<char, std::char_traits<char> >, std::ostreambuf_iterator<char, std::char_traits<char> >) (streambuf_iterator.h:332)
      n1: 33554433 0x1106CF: PPM::Reader::fill(std::__cxx11::basic_string<char, std::char_traits<char>, std::allocator<char> >) (ppm.cpp:26)
       n1: 33554433 0x110E0F: PPM::Reader::operator()(std::__cxx11::basic_string<char, std::char_traits<char>, std::allocator<char> >) (ppm.cpp:107)
        n0: 33554433 0x10F2CB: main (blur_par.cpp:21)
 n2: 18000000 0x10FF72: Matrix::Matrix(Matrix const&) (matrix.cpp:43)
  n0: 9000000 0x10F3EE: main (blur_par.cpp:25)
  n1: 9000000 0x13F525: Filter::blur(Matrix, int, int) (filters.cpp:126)
   n0: 9000000 0x10F40E: main (blur_par.cpp:25)
 n2: 18000000 0x10FF97: Matrix::Matrix(Matrix const&) (matrix.cpp:44)
  n0: 9000000 0x10F3EE: main (blur_par.cpp:25)
  n1: 9000000 0x13F525: Filter::blur(Matrix, int, int) (filters.cpp:126)
   n0: 9000000 0x10F40E: main (blur_par.cpp:25)
 n2: 18000000 0x10FFBD: Matrix::Matrix(Matrix const&) (matrix.cpp:45)
  n0: 9000000 0x10F3EE: main (blur_par.cpp:25)
  n1: 9000000 0x13F525: Filter::blur(Matrix, int, int) (filters.cpp:126)
   n0: 9000000 0x10F40E: main (blur_par.cpp:25)
 n1: 9000000 0x10FEE0: Matrix::Matrix(unsigned int) (matrix.cpp:33)
  n1: 9000000 0x13F563: Filter::blur(Matrix, int, int) (filters.cpp:130)
   n0: 9000000 0x10F40E: main (blur_par.cpp:25)
 n1: 9000000 0x10FEFA: Matrix::Matrix(unsigned int) (matrix.cpp:34)
  n1: 9000000 0x13F563: Filter::blur(Matrix, int, int) (filters.cpp:130)
   n0: 9000000 0x10F40E: main (blur_par.cpp:25)
 n1: 9000000 0x10FF15: Matrix::Matrix(unsigned int) (matrix.cpp:35)
  n1: 9000000 0x13F563: Filter::blur(Matrix, int, int) (filters.cpp:130)
   n0: 9000000 0x10F40E: main (blur_par.cpp:25)
 n1: 9000000 0x110BFF: PPM::Reader::get_data(unsigned int, unsigned int) (ppm.cpp:83)
  n1: 9000000 0x1110E7: PPM::Reader::operator()(std::__cxx11::basic_string<char, std::char_traits<char>, std::allocator<char> >) (ppm.cpp:137)
   n0: 9000000 0x10F2CB: main (blur_par.cpp:21)
 n1: 9000000 0x110C0E: PPM::Reader::get_data(unsigned int, unsigned int) (ppm.cpp:83)
  n1: 9000000 0x1110E7: PPM::Reader::operator()(std::__cxx11::basic_string<char, std::char_traits<char>, std::allocator<char> >) (ppm.cpp:137)
   n0: 9000000 0x10F2CB: main (blur_par.cpp:21)
 n1: 9000000 0x110C1D: PPM::Reader::get_data(unsigned int, unsigned int) (ppm.cpp:83)
  n1: 9000000 0x1110E7: PPM::Reader::operator()(std::__cxx11::basic_string<char, std::char_traits<char>, std::allocator<char> >) (ppm.cpp:137)
   n0: 9000000 0x10F2CB: main (blur_par.cpp:21)
 n0: 74592 in 14 places, all below massif's threshold (1.00%)
#-----------
snapshot=35
#-----------
time=8400524207
mem_heap_B=141629313
mem_heap_extra_B=39503
mem_stacks_B=0
heap_tree=empty
#-----------
snapshot=36
#-----------
time=10850198176
mem_heap_B=141629601
mem_heap_extra_B=39511
mem_stacks_B=0
heap_tree=empty
#-----------
snapshot=37
#-----------
time=10850199221
mem_heap_B=141629889
mem_heap_extra_B=39519
mem_stacks_B=0
heap_tree=empty
#-----------
snapshot=38
#-----------
time=13317386303
mem_heap_B=141630177
mem_heap_extra_B=39527
mem_stacks_B=0
heap_tree=empty
#-----------
snapshot=39
#-----------
time=17308843670
mem_heap_B=141630465
mem_heap_extra_B=39535
mem_stacks_B=0
heap_tree=empty
#-----------
snapshot=40
#-----------
time=36051506723
mem_heap_B=141630465
mem_heap_extra_B=39535
mem_stacks_B=0
heap_tree=peak
n11: 141630465 (heap allocation functions) malloc/new/new[], --alloc-fns, etc.
 n1: 33554433 0x49B76D4: std::__cxx11::basic_string<char, std::char_traits<char>, std::allocator<char> >::reserve(unsigned long) (in /usr/lib/x86_64-linux-gnu/libstdc++.so.6.0.32)
  n1: 33554433 0x49AD7F6: std::__cxx11::basic_stringbuf<char, std::char_traits<char>, std::allocator<char> >::overflow(int) (in /usr/lib/x86_64-linux-gnu/libstdc++.so.6.0.32)
   n1: 33554433 0x49B580A: std::basic_streambuf<char, std::char_traits<char> >::xsputn(char const*, long) (in /usr/lib/x86_64-linux-gnu/libstdc++.so.6.0.32)
    n1: 33554433 0x49309A3: long std::__copy_streambufs_eof<char, std::char_traits<char> >(std::basic_streambuf<char, std::char_traits<char> >*, std::basic_streambuf<char, std::char_traits<char> >*, bool&) (in /usr/lib/x86_64-linux-gnu/libstdc++.so.6.0.32)
     n1: 33554433 0x112F97: __gnu_cxx::__enable_if<std::__is_char<char>::__value, std::ostreambuf_iterator<char, std::char_traits<char> > >::__type std::copy<char>(std::istreambuf_iterator<char, std::char_traits<char> >, std::istreambuf_iterator<char, std::char_traits<char> >, std::ostreambuf_iterator<char, std::char_traits<char> >) (streambuf_iterator.h:332)
      n1: 33554433 0x1106CF: PPM::Reader::fill(std::__cxx11::basic_string<char, std::char_traits<char>, std::allocator<char> >) (ppm.cpp:26)
       n1: 33554433 0x110E0F: PPM::Reader::operator()(std::__cxx11::basic_string<char, std::char_traits<char>, std::allocator<char> >) (ppm.cpp:107)
        n0: 33554433 0x10F2CB: main (blur_par.cpp:21)
 n2: 18000000 0x10FF72: Matrix::Matrix(Matrix const&) (matrix.cpp:43)
  n0: 9000000 0x10F3EE: main (blur_par.cpp:25)
  n1: 9000000 0x13F525: Filter::blur(Matrix, int, int) (filters.cpp:126)
   n0: 9000000 0x10F40E: main (blur_par.cpp:25)
 n2: 18000000 0x10FF97: Matrix::Matrix(Matrix const&) (matrix.cpp:44)
  n0: 9000000 0x10F3EE: main (blur_par.cpp:25)
  n1: 9000000 0x13F525: Filter::blur(Matrix, int, int) (filters.cpp:126)
   n0: 9000000 0x10F40E: main (blur_par.cpp:25)
 n2: 18000000 0x10FFBD: Matrix::Matrix(Matrix const&) (matrix.cpp:45)
  n0: 9000000 0x10F3EE: main (blur_par.cpp:25)
  n1: 9000000 0x13F525: Filter::blur(Matrix, int, int) (filters.cpp:126)
   n0: 9000000 0x10F40E: main (blur_par.cpp:25)
 n1: 9000000 0x10FEE0: Matrix::Matrix(unsigned int) (matrix.cpp:33)
  n1: 9000000 0x13F563: Filter::blur(Matrix, int, int) (filters.cpp:130)
   n0: 9000000 0x10F40E: main (blur_par.cpp:25)
 n1: 9000000 0x10FEFA: Matrix::Matrix(unsigned int) (matrix.cpp:34)
  n1: 9000000 0x13F563: Filter::blur(Matrix, int, int) (filters.cpp:130)
   n0: 9000000 0x10F40E: main (blur_par.cpp:25)
 n1: 9000000 0x10FF15: Matrix::Matrix(unsigned int) (matrix.cpp:35)
  n1: 9000000 0x13F563: Filter::blur(Matrix, int, int) (filters.cpp:130)
   n0: 9000000 0x10F40E: main (blur_par.cpp:25)
 n1: 9000000 0x110BFF: PPM::Reader::get_data(unsigned int, unsigned int) (ppm.cpp:83)
  n1: 9000000 0x1110E7: PPM::Reader::operator()(std::__cxx11::basic_string<char, std::char_traits<char>, std::allocator<char> >) (ppm.cpp:137)
   n0: 9000000 0x10F2CB: main (blur_par.cpp:21)
 n1: 9000000 0x110C0E: PPM::Reader::get_data(unsigned int, unsigned int) (ppm.cpp:83)
  n1: 9000000 0x1110E7: PPM::Reader::operator()(std::__cxx11::basic_string<char, std::char_traits<char>, std::allocator<char> >) (ppm.cpp:137)
   n0: 9000000 0x10F2CB: main (blur_par.cpp:21)
 n1: 9000000 0x110C1D: PPM::Reader::get_data(unsigned int, unsigned int) (ppm.cpp:83)
  n1: 9000000 0x1110E7: PPM::Reader::operator()(std::__cxx11::basic_string<char, std::char_traits<char>, std::allocator<char> >) (ppm.cpp:137)
   n0: 9000000 0x10F2CB: main (blur_par.cpp:21)
 n0: 76032 in 14 places, all below massif's threshold (1.00%)
#-----------
snapshot=41
#-----------
time=36051506723
mem_heap_B=141630177
mem_heap_extra_B=39527
mem_stacks_B=0
heap_tree=empty
#-----------
snapshot=42
#-----------
time=40189106433
mem_heap_B=141629889
mem_heap_extra_B=39519
mem_stacks_B=0
heap_tree=empty
#-----------
snapshot=43
#-----------
time=40189107617
mem_heap_B=141629313
mem_heap_extra_B=39503
mem_stacks_B=0
heap_tree=empty
#-----------
snapshot=44
#-----------
time=40450861829
mem_heap_B=141629601
mem_heap_extra_B=39511
mem_stacks_B=0
heap_tree=empty
#-----------
snapshot=45
#-----------
time=41767993711
mem_heap_B=141629889
mem_heap_extra_B=39519
mem_stacks_B=0
heap_tree=empty
#-----------
snapshot=46
#-----------
time=41767994756
mem_heap_B=141630177
mem_heap_extra_B=39527
mem_stacks_B=0
heap_tree=empty
#-----------
snapshot=47
#-----------
time=45240348719
mem_heap_B=141630465
mem_heap_extra_B=39535
mem_stacks_B=0
heap_tree=empty
#-----------
snapshot=48
#-----------
time=73498881758
mem_heap_B=141630177
mem_heap_extra_B=39527
mem_stacks_B=0
heap_tree=empty
#-----------
snapshot=49
#-----------
time=73498883534
mem_heap_B=141629313
mem_heap_extra_B=39503
mem_stacks_B=0
heap_tree=empty
#-----------
snapshot=50
#-----------
time=73498883636
mem_heap_B=132629313
mem_heap_extra_B=36551
mem_stacks_B=0
heap_tree=empty
#-----------
snapshot=51
#-----------
time=73498883678
mem_heap_B=123629313
mem_heap_extra_B=33599
mem_stacks_B=0
heap_tree=empty
#-----------
snapshot=52
#-----------
time=73498883720
mem_heap_B=114629313
mem_heap_extra_B=30647
mem_stacks_B=0
heap_tree=empty
#-----------
snapshot=53
#-----------
time=73498883797
mem_heap_B=105629313
mem_heap_extra_B=27695
mem_stacks_B=0
heap_tree=empty
#-----------
snapshot=54
#-----------
time=73498883839
mem_heap_B=96629313
mem_heap_extra_B=24743
mem_stacks_B=0
heap_tree=empty
#-----------
snapshot=55
#-----------
time=73498883881
mem_heap_B=87629313
mem_heap_extra_B=21791
mem_stacks_B=0
heap_tree=empty
#-----------
snapshot=56
#-----------
time=73498884104
mem_heap_B=87629337
mem_heap_extra_B=21807
mem_stacks_B=0
heap_tree=empty
#-----------
snapshot=57
#-----------
time=73498884238
mem_heap_B=96629337
mem_heap_extra_B=24759
mem_stacks_B=0
heap_tree=detailed
n8: 96629337 (heap allocation functions) malloc/new/new[], --alloc-fns, etc.
 n1: 33554433 0x49B76D4: std::__cxx11::basic_string<char, std::char_traits<char>, std::allocator<char> >::reserve(unsigned long) (in /usr/lib/x86_64-linux-gnu/libstdc++.so.6.0.32)
  n1: 33554433 0x49AD7F6: std::__cxx11::basic_stringbuf<char, std::char_traits<char>, std::allocator<char> >::overflow(int) (in /usr/lib/x86_64-linux-gnu/libstdc++.so.6.0.32)
   n1: 33554433 0x49B580A: std::basic_streambuf<char, std::char_traits<char> >::xsputn(char const*, long) (in /usr/lib/x86_64-linux-gnu/libstdc++.so.6.0.32)
    n1: 33554433 0x49309A3: long std::__copy_streambufs_eof<char, std::char_traits<char> >(std::basic_streambuf<char, std::char_traits<char> >*, std::basic_streambuf<char, std::char_traits<char> >*, bool&) (in /usr/lib/x86_64-linux-gnu/libstdc++.so.6.0.32)
     n1: 33554433 0x112F97: __gnu_cxx::__enable_if<std::__is_char<char>::__value, std::ostreambuf_iterator<char, std::char_traits<char> > >::__type std::copy<char>(std::istreambuf_iterator<char, std::char_traits<char> >, std::istreambuf_iterator<char, std::char_traits<char> >, std::ostreambuf_iterator<char, std::char_traits<char> >) (streambuf_iterator.h:332)
      n1: 33554433 0x1106CF: PPM::Reader::fill(std::__cxx11::basic_string<char, std::char_traits<char>, std::allocator<char> >) (ppm.cpp:26)
       n1: 33554433 0x110E0F: PPM::Reader::operator()(std::__cxx11::basic_string<char, std::char_traits<char>, std::allocator<char> >) (ppm.cpp:107)
        n0: 33554433 0x10F2CB: main (blur_par.cpp:21)
 n3: 18000000 0x10FF72: Matrix::Matrix(Matrix const&) (matrix.cpp:43)
  n0: 9000000 0x10F46C: main (blur_par.cpp:26)
  n1: 9000000 0x13F525: Filter::blur(Matrix, int, int) (filters.cpp:126)
   n0: 9000000 0x10F40E: main (blur_par.cpp:25)
  n0: 0 in 1 place, below massif's threshold (1.00%)
 n2: 9000000 0x10FF97: Matrix::Matrix(Matrix const&) (matrix.cpp:44)
  n1: 9000000 0x13F525: Filter::blur(Matrix, int, int) (filters.cpp:126)
   n0: 9000000 0x10F40E: main (blur_par.cpp:25)
  n0: 0 in 1 place, below massif's threshold (1.00%)
 n2: 9000000 0x10FFBD: Matrix::Matrix(Matrix const&) (matrix.cpp:45)
  n1: 9000000 0x13F525: Filter::blur(Matrix, int, int) (filters.cpp:126)
   n0: 9000000 0x10F40E: main (blur_par.cpp:25)
  n0: 0 in 1 place, below massif's threshold (1.00%)
 n1: 9000000 0x110BFF: PPM::Reader::get_data(unsigned int, unsigned int) (ppm.cpp:83)
  n1: 9000000 0x1110E7: PPM::Reader::operator()(std::__cxx11::basic_string<char, std::char_traits<char>, std::allocator<char> >) (ppm.cpp:137)
   n0: 9000000 0x10F2CB: main (blur_par.cpp:21)
 n1: 9000000 0x110C0E: PPM::Reader::get_data(unsigned int, unsigned int) (ppm.cpp:83)
  n1: 9000000 0x1110E7: PPM::Reader::operator()(std::__cxx11::basic_string<char, std::char_traits<char>, std::allocator<char> >) (ppm.cpp:137)
   n0: 9000000 0x10F2CB: main (blur_par.cpp:21)
 n1: 9000000 0x110C1D: PPM::Reader::get_data(unsigned int, unsigned int) (ppm.cpp:83)
  n1: 9000000 0x1110E7: PPM::Reader::operator()(std::__cxx11::basic_string<char, std::char_traits<char>, std::allocator<char> >) (ppm.cpp:137)
   n0: 9000000 0x10F2CB: main (blur_par.cpp:21)
 n0: 74904 in 18 places, all below massif's threshold (1.00%)
#-----------
snapshot=58
#-----------
time=73498884282
mem_heap_B=105629337
mem_heap_extra_B=27711
mem_stacks_B=0
heap_tree=empty
#-----------
snapshot=59
#-----------
time=73498884326
mem_heap_B=114629337
mem_heap_extra_B=30663
mem_stacks_B=0
heap_tree=empty
#-----------
snapshot=60
#-----------
time=75010923557
mem_heap_B=114629809
mem_heap_extra_B=30679
mem_stacks_B=0
heap_tree=empty
#-----------
snapshot=61
#-----------
time=75010924451
mem_heap_B=114633905
mem_heap_extra_B=30687
mem_stacks_B=0
heap_tree=empty
#-----------
snapshot=62
#-----------
time=75281120900
mem_heap_B=114629809
mem_heap_extra_B=30679
mem_stacks_B=0
heap_tree=empty
#-----------
snapshot=63
#-----------
time=75281121030
mem_heap_B=114629337
mem_heap_extra_B=30663
mem_stacks_B=0
heap_tree=empty
#-----------
snapshot=64
#-----------
time=75281121090
mem_heap_B=105629337
mem_heap_extra_B=27711
mem_stacks_B=0
heap_tree=empty
#-----------
snapshot=65
#-----------
time=75281121132
mem_heap_B=96629337
mem_heap_extra_B=24759
mem_stacks_B=0
heap_tree=empty
#-----------
snapshot=66
#-----------
time=75281121174
mem_heap_B=87629337
mem_heap_extra_B=21807
mem_stacks_B=0
heap_tree=empty
#-----------
snapshot=67
#-----------
time=75281121229
mem_heap_B=87629313
mem_heap_extra_B=21791
mem_stacks_B=0
heap_tree=detailed
n8: 87629313 (heap allocation functions) malloc/new/new[], --alloc-fns, etc.
 n1: 33554433 0x49B76D4: std::__cxx11::basic_string<char, std::char_traits<char>, std::allocator<char> >::reserve(unsigned long) (in /usr/lib/x86_64-linux-gnu/libstdc++.so.6.0.32)
  n1: 33554433 0x49AD7F6: std::__cxx11::basic_stringbuf<char, std::char_traits<char>, std::allocator<char> >::overflow(int) (in /usr/lib/x86_64-linux-gnu/libstdc++.so.6.0.32)
   n1: 33554433 0x49B580A: std::basic_streambuf<char, std::char_traits<char> >::xsputn(char const*, long) (in /usr/lib/x86_64-linux-gnu/libstdc++.so.6.0.32)
    n1: 33554433 0x49309A3: long std::__copy_streambufs_eof<char, std::char_traits<char> >(std::basic_streambuf<char, std::char_traits<char> >*, std::basic_streambuf<char, std::char_traits<char> >*, bool&) (in /usr/lib/x86_64-linux-gnu/libstdc++.so.6.0.32)
     n1: 33554433 0x112F97: __gnu_cxx::__enable_if<std::__is_char<char>::__value, std::ostreambuf_iterator<char, std::char_traits<char> > >::__type std::copy<char>(std::istreambuf_iterator<char, std::char_traits<char> >, std::istreambuf_iterator<char, std::char_traits<char> >, std::ostreambuf_iterator<char, std::char_traits<char> >) (streambuf_iterator.h:332)
      n1: 33554433 0x1106CF: PPM::Reader::fill(std::__cxx11::basic_string<char, std::char_traits<char>, std::allocator<char> >) (ppm.cpp:26)
       n1: 33554433 0x110E0F: PPM::Reader::operator()(std::__cxx11::basic_string<char, std::char_traits<char>, std::allocator<char> >) (ppm.cpp:107)
        n0: 33554433 0x10F2CB: main (blur_par.cpp:21)
 n2: 9000000 0x10FF72: Matrix::Matrix(Matrix const&) (matrix.cpp:43)
  n1: 9000000 0x13F525: Filter::blur(Matrix, int, int) (filters.cpp:126)
   n0: 9000000 0x10F40E: main (blur_par.cpp:25)
  n0: 0 in 2 places, all below massif's threshold (1.00%)
 n2: 9000000 0x10FF97: Matrix::Matrix(Matrix const&) (matrix.cpp:44)
  n1: 9000000 0x13F525: Filter::blur(Matrix, int, int) (filters.cpp:126)
   n0: 9000000 0x10F40E: main (blur_par.cpp:25)
  n0: 0 in 2 places, all below massif's threshold (1.00%)
 n2: 9000000 0x10FFBD: Matrix::Matrix(Matrix const&) (matrix.cpp:45)
  n1: 9000000 0x13F525: Filter::blur(Matrix, int, int) (filters.cpp:126)
   n0: 9000000 0x10F40E: main (blur_par.cpp:25)
  n0: 0 in 2 places, all below massif's threshold (1.00%)
 n1: 9000000 0x110BFF: PPM::Reader::get_data(unsigned int, unsigned int) (ppm.cpp:83)
  n1: 9000000 0x1110E7: PPM::Reader::operator()(std::__cxx11::basic_string<char, std::char_traits<char>, std::allocator<char> >) (ppm.cpp:137)
   n0: 9000000 0x10F2CB: main (blur_par.cpp:21)
 n1: 9000000 0x110C0E: PPM::Reader::get_data(unsigned int, unsigned int) (ppm.cpp:83)
  n1: 9000000 0x1110E7: PPM::Reader::operator()(std::__cxx11::basic_string<char, std::char_traits<char>, std::allocator<char> >) (ppm.cpp:137)
   n0: 9000000 0x10F2CB: main (blur_par.cpp:21)
 n1: 9000000 0x110C1D: PPM::Reader::get_data(unsigned int, unsigned int) (ppm.cpp:83)
  n1: 9000000 0x1110E7: PPM::Reader::operator()(std::__cxx11::basic_string<char, std::char_traits<char>, std::allocator<char> >) (ppm.cpp:137)
   n0: 9000000 0x10F2CB: main (blur_par.cpp:21)
 n0: 74880 in 19 places, all below massif's threshold (1.00%)
#-----------
snapshot=68
#-----------
time=75281121285
mem_heap_B=78629313
mem_heap_extra_B=18839
mem_stacks_B=0
heap_tree=empty
#-----------
snapshot=69
#-----------
time=75281121327
mem_heap_B=69629313
mem_heap_extra_B=15887
mem_stacks_B=0
heap_tree=empty
#-----------
snapshot=70
#-----------
time=75281121369
mem_heap_B=60629313
mem_heap_extra_B=12935
mem_stacks_B=0
heap_tree=empty
#-----------
snapshot=71
#-----------
time=75281121432
mem_heap_B=51629313
mem_heap_extra_B=9983
mem_stacks_B=0
heap_tree=empty
#-----------
snapshot=72
#-----------
time=75281121474
mem_heap_B=42629313
mem_heap_extra_B=7031
mem_stacks_B=0
heap_tree=empty
#-----------
snapshot=73
#-----------
time=75281121516
mem_heap_B=33629313
mem_heap_extra_B=4079
mem_stacks_B=0
heap_tree=empty
#-----------
snapshot=74
#-----------
time=75281121592
mem_heap_B=74880
mem_heap_extra_B=40
mem_stacks_B=0
heap_tree=empty
#-----------
snapshot=75
#-----------
time=75281135185
mem_heap_B=1152
mem_heap_extra_B=32
mem_stacks_B=0
heap_tree=empty
#-----------
snapshot=76
#-----------
time=75281137868
mem_heap_B=864
mem_heap_extra_B=24
mem_stacks_B=0
heap_tree=empty
#-----------
snapshot=77
#-----------
time=75281138290
mem_heap_B=576
mem_heap_extra_B=16
mem_stacks_B=0
heap_tree=detailed
n2: 576 (heap allocation functions) malloc/new/new[], --alloc-fns, etc.
 n1: 576 0x40147D9: calloc (rtld-malloc.h:44)
  n1: 576 0x40147D9: allocate_dtv (dl-tls.c:375)
   n1: 576 0x40147D9: _dl_allocate_tls (dl-tls.c:634)
    n1: 576 0x4C6B7B4: allocate_stack (allocatestack.c:430)
     n2: 576 0x4C6B7B4: pthread_create@@GLIBC_2.34 (pthread_create.c:647)
      n1: 576 0x13FC8F: Filter::blur(Matrix, int, int) (filters.cpp:154)
       n0: 576 0x10F40E: main (blur_par.cpp:25)
      n0: 0 in 1 place, below massif's threshold (1.00%)
 n0: 0 in 25 places, all below massif's threshold (1.00%)
#-----------
snapshot=78
#-----------
time=75281138712
mem_heap_B=288
mem_heap_extra_B=8
mem_stacks_B=0
heap_tree=empty
#-----------
snapshot=79
#-----------
time=75281139134
mem_heap_B=0
mem_heap_extra_B=0
mem_stacks_B=0
heap_tree=empty
